Component: ARM Compiler 5.05 update 2 (build 169) Tool: armlink [4d0f33]

==============================================================================

Section Cross References

    main.o(i.main) refers to system_mkl26z4.o(i.SystemCoreClockUpdate) for SystemCoreClockUpdate
    rtx_conf_cm.o(.emb_text) refers to rt_cmsis.o(i.osKernelInitialize) for osKernelInitialize
    rtx_conf_cm.o(.emb_text) refers to rt_cmsis.o(i.osThreadCreate) for osThreadCreate
    rtx_conf_cm.o(.emb_text) refers to rt_cmsis.o(i.osKernelStart) for osKernelStart
    rtx_conf_cm.o(.emb_text) refers to exit.o(.text) for exit
    rtx_conf_cm.o(.emb_text) refers to rtx_conf_cm.o(.data) for os_thread_def_main
    rtx_conf_cm.o(i.__user_perthread_libspace) refers to rt_task.o(i.rt_tsk_self) for rt_tsk_self
    rtx_conf_cm.o(i.__user_perthread_libspace) refers to rt_cmsis.o(.data) for os_running
    rtx_conf_cm.o(i.__user_perthread_libspace) refers to rtx_conf_cm.o(.bss) for .bss
    rtx_conf_cm.o(i.__user_perthread_libspace) refers to libspace.o(.bss) for __libspace_start
    rtx_conf_cm.o(i._mutex_acquire) refers to rt_cmsis.o(.data) for os_running
    rtx_conf_cm.o(i._mutex_acquire) refers to rt_mutex.o(i.rt_mut_wait) for rt_mut_wait
    rtx_conf_cm.o(i._mutex_initialize) refers to rt_mutex.o(i.rt_mut_init) for rt_mut_init
    rtx_conf_cm.o(i._mutex_initialize) refers to rtx_conf_cm.o(.data) for .data
    rtx_conf_cm.o(i._mutex_initialize) refers to rtx_conf_cm.o(.bss) for .bss
    rtx_conf_cm.o(i._mutex_release) refers to rt_cmsis.o(.data) for os_running
    rtx_conf_cm.o(i._mutex_release) refers to rt_mutex.o(i.rt_mut_release) for rt_mut_release
    rtx_conf_cm.o(.constdata) refers to rt_cmsis.o(i.osTimerThread) for osTimerThread
    rtx_conf_cm.o(.constdata) refers to rtx_conf_cm.o(.bss) for os_messageQ_q_osTimerMessageQ
    rtx_conf_cm.o(.data) refers to main.o(i.main) for main
    startup_mkl26z4.o(STACK) refers (Special) to heapauxi.o(.text) for __use_two_region_memory
    startup_mkl26z4.o(HEAP) refers (Special) to heapauxi.o(.text) for __use_two_region_memory
    startup_mkl26z4.o(RESET) refers (Special) to heapauxi.o(.text) for __use_two_region_memory
    startup_mkl26z4.o(RESET) refers to startup_mkl26z4.o(STACK) for __initial_sp
    startup_mkl26z4.o(RESET) refers to startup_mkl26z4.o(.text) for Reset_Handler
    startup_mkl26z4.o(RESET) refers to hal_cm0.o(.emb_text) for SVC_Handler
    startup_mkl26z4.o(.ARM.__at_0x400) refers (Special) to heapauxi.o(.text) for __use_two_region_memory
    startup_mkl26z4.o(.text) refers (Special) to heapauxi.o(.text) for __use_two_region_memory
    startup_mkl26z4.o(.text) refers to system_mkl26z4.o(i.SystemInit) for SystemInit
    startup_mkl26z4.o(.text) refers to __main.o(!!!main) for __main
    startup_mkl26z4.o(.text) refers to startup_mkl26z4.o(HEAP) for Heap_Mem
    startup_mkl26z4.o(.text) refers to startup_mkl26z4.o(STACK) for Stack_Mem
    system_mkl26z4.o(i.SystemCoreClockUpdate) refers to aeabi_sdiv.o(.text) for __aeabi_uidivmod
    system_mkl26z4.o(i.SystemCoreClockUpdate) refers to system_mkl26z4.o(i.__ARM_common_switch8) for __ARM_common_switch8
    system_mkl26z4.o(i.SystemCoreClockUpdate) refers to system_mkl26z4.o(.data) for SystemCoreClock
    rt_cmsis.o(i.isrMessageGet) refers to rt_mailbox.o(i.isr_mbx_receive) for isr_mbx_receive
    rt_cmsis.o(i.isrMessagePut) refers to rt_mailbox.o(i.rt_mbx_check) for rt_mbx_check
    rt_cmsis.o(i.isrMessagePut) refers to rt_mailbox.o(i.isr_mbx_send) for isr_mbx_send
    rt_cmsis.o(i.isrSemaphoreRelease) refers to rt_cmsis.o(i.rt_id2obj) for rt_id2obj
    rt_cmsis.o(i.isrSemaphoreRelease) refers to rt_semaphore.o(i.isr_sem_send) for isr_sem_send
    rt_cmsis.o(i.isrSignalSet) refers to rt_cmsis.o(i.rt_tid2ptcb) for rt_tid2ptcb
    rt_cmsis.o(i.isrSignalSet) refers to rt_event.o(i.isr_evt_set) for isr_evt_set
    rt_cmsis.o(i.osDelay) refers to rt_cmsis.o(i.svcDelay) for svcDelay
    rt_cmsis.o(i.osKernelInitialize) refers to rt_cmsis.o(i.svcKernelInitialize) for svcKernelInitialize
    rt_cmsis.o(i.osKernelRunning) refers to rt_cmsis.o(i.svcKernelRunning) for svcKernelRunning
    rt_cmsis.o(i.osKernelRunning) refers to rt_cmsis.o(.data) for .data
    rt_cmsis.o(i.osKernelStart) refers to rtx_conf_cm.o(.constdata) for os_flags
    rt_cmsis.o(i.osKernelStart) refers to rt_cmsis.o(i.svcKernelStart) for svcKernelStart
    rt_cmsis.o(i.osKernelSysTick) refers to rt_cmsis.o(i.svcKernelSysTick) for svcKernelSysTick
    rt_cmsis.o(i.osMailAlloc) refers to rt_cmsis.o(i.sysMailAlloc) for sysMailAlloc
    rt_cmsis.o(i.osMailCAlloc) refers to rt_cmsis.o(i.sysMailAlloc) for sysMailAlloc
    rt_cmsis.o(i.osMailCreate) refers to rt_cmsis.o(i.svcMailCreate) for svcMailCreate
    rt_cmsis.o(i.osMailCreate) refers to rt_cmsis.o(.data) for .data
    rt_cmsis.o(i.osMailFree) refers to rt_cmsis.o(i.sysMailFree) for sysMailFree
    rt_cmsis.o(i.osMailGet) refers to rt_cmsis.o(i.osMessageGet) for osMessageGet
[...]
    rt_semaphore.o(i.rt_sem_psh) refers to hal_cm.o(i.rt_ret_val) for rt_ret_val
    rt_semaphore.o(i.rt_sem_psh) refers to rt_list.o(i.rt_put_prio) for rt_put_prio
    rt_semaphore.o(i.rt_sem_psh) refers to rt_list.o(.bss) for os_rdy
    rt_semaphore.o(i.rt_sem_send) refers to rt_list.o(i.rt_get_first) for rt_get_first
    rt_semaphore.o(i.rt_sem_send) refers to hal_cm.o(i.rt_ret_val) for rt_ret_val
    rt_semaphore.o(i.rt_sem_send) refers to rt_list.o(i.rt_rmv_dly) for rt_rmv_dly
    rt_semaphore.o(i.rt_sem_send) refers to rt_task.o(i.rt_dispatch) for rt_dispatch
    rt_semaphore.o(i.rt_sem_wait) refers to rt_list.o(i.rt_put_prio) for rt_put_prio
    rt_semaphore.o(i.rt_sem_wait) refers to rt_task.o(i.rt_block) for rt_block
    rt_semaphore.o(i.rt_sem_wait) refers to rt_task.o(.data) for os_tsk
    rt_time.o(i.rt_dly_wait) refers to rt_task.o(i.rt_block) for rt_block
    rt_time.o(i.rt_itv_set) refers to rt_task.o(.data) for os_tsk
    rt_time.o(i.rt_itv_set) refers to rt_time.o(.data) for .data
    rt_time.o(i.rt_itv_wait) refers to rt_task.o(i.rt_block) for rt_block
    rt_time.o(i.rt_itv_wait) refers to rt_task.o(.data) for os_tsk
    rt_time.o(i.rt_itv_wait) refers to rt_time.o(.data) for .data
    rt_time.o(i.rt_time_get) refers to rt_time.o(.data) for .data
    rt_robin.o(i.rt_chk_robin) refers to rt_list.o(i.rt_get_first) for rt_get_first
    rt_robin.o(i.rt_chk_robin) refers to rt_list.o(i.rt_put_prio) for rt_put_prio
    rt_robin.o(i.rt_chk_robin) refers to rt_robin.o(.data) for .data
    rt_robin.o(i.rt_chk_robin) refers to rt_list.o(.bss) for os_rdy
    rt_robin.o(i.rt_chk_robin) refers to rt_time.o(.data) for os_time
    rt_robin.o(i.rt_init_robin) refers to rt_robin.o(.data) for .data
    rt_robin.o(i.rt_init_robin) refers to rtx_conf_cm.o(.constdata) for os_rrobin
    rt_membox.o(i._calloc_box) refers to hal_cm0.o(.emb_text) for _alloc_box
    hal_cm.o(i.rt_init_stack) refers to rtx_conf_cm.o(.constdata) for os_stackinfo
    hal_cm0.o(.emb_text) refers to rtx_conf_cm.o(.constdata) for os_flags
    hal_cm0.o(.emb_text) refers to rt_membox.o(i.rt_alloc_box) for rt_alloc_box
    hal_cm0.o(.emb_text) refers to rt_membox.o(i.rt_free_box) for rt_free_box
    hal_cm0.o(.emb_text) refers to rt_system.o(i.rt_stk_check) for rt_stk_check
    hal_cm0.o(.emb_text) refers to rt_task.o(.data) for os_tsk
    hal_cm0.o(.emb_text) refers to svc_table.o(SVC_TABLE) for SVC_Count
    hal_cm0.o(.emb_text) refers to rt_system.o(i.rt_pop_req) for rt_pop_req
    hal_cm0.o(.emb_text) refers to rt_system.o(i.rt_systick) for rt_systick
    hal_cm0.o(.emb_text) refers to rt_system.o(i.os_tick_irqack) for os_tick_irqack
    libspace.o(.text) refers to libspace.o(.bss) for __libspace_start
    exit.o(.text) refers to rtexit.o(.ARM.Collect$$rtexit$$00000000) for __rt_exit
    __main.o(!!!main) refers to __rtentry.o(.ARM.Collect$$rtentry$$00000000) for __rt_entry
    __rtentry.o(.ARM.Collect$$rtentry$$00000000) refers (Special) to __rtentry2.o(.ARM.Collect$$rtentry$$0000000A) for __rt_entry_li
    __rtentry.o(.ARM.Collect$$rtentry$$00000000) refers (Special) to __rtentry2.o(.ARM.Collect$$rtentry$$0000000D) for __rt_entry_main
    __rtentry.o(.ARM.Collect$$rtentry$$00000000) refers (Special) to __rtentry2.o(.ARM.Collect$$rtentry$$0000000B) for __rt_entry_postli_1
    __rtentry.o(.ARM.Collect$$rtentry$$00000000) refers (Special) to __rtentry2.o(.ARM.Collect$$rtentry$$00000009) for __rt_entry_postsh_1
    __rtentry.o(.ARM.Collect$$rtentry$$00000000) refers (Special) to __rtentry2.o(.ARM.Collect$$rtentry$$00000002) for __rt_entry_presh_1
    __rtentry.o(.ARM.Collect$$rtentry$$00000000) refers (Special) to __rtentry4.o(.ARM.Collect$$rtentry$$00000004) for __rt_entry_sh
    rtexit.o(.ARM.Collect$$rtexit$$00000000) refers (Special) to rtexit2.o(.ARM.Collect$$rtexit$$00000004) for __rt_exit_exit
    rtexit.o(.ARM.Collect$$rtexit$$00000000) refers (Special) to rtexit2.o(.ARM.Collect$$rtexit$$00000003) for __rt_exit_ls
    rtexit.o(.ARM.Collect$$rtexit$$00000000) refers (Special) to rtexit2.o(.ARM.Collect$$rtexit$$00000002) for __rt_exit_prels_1
    rtexit.o(.ARM.exidx) refers (Special) to rtexit2.o(.ARM.Collect$$rtexit$$00000004) for __rt_exit_exit
    rtexit.o(.ARM.exidx) refers (Special) to rtexit2.o(.ARM.Collect$$rtexit$$00000003) for __rt_exit_ls
    rtexit.o(.ARM.exidx) refers (Special) to rtexit2.o(.ARM.Collect$$rtexit$$00000002) for __rt_exit_prels_1
    rtexit.o(.ARM.exidx) refers to rtexit.o(.ARM.Collect$$rtexit$$00000000) for .ARM.Collect$$rtexit$$00000000
    aeabi_idiv0_sigfpe.o(.text) refers to rt_div0.o(.text) for __rt_div0
    aeabi_ldiv0_sigfpe.o(.text) refers to rt_div0.o(.text) for __rt_div0
    __rtentry2.o(.ARM.Collect$$rtentry$$00000008) refers to boardinit2.o(.text) for _platform_post_stackheap_init
    __rtentry2.o(.ARM.Collect$$rtentry$$0000000A) refers to libinit.o(.ARM.Collect$$libinit$$00000000) for __rt_lib_init
    __rtentry2.o(.ARM.Collect$$rtentry$$0000000B) refers to rtx_conf_cm.o(.emb_text) for _platform_post_lib_init
    __rtentry2.o(.ARM.Collect$$rtentry$$0000000D) refers to main.o(i.main) for main
    __rtentry2.o(.ARM.Collect$$rtentry$$0000000D) refers to exit.o(.text) for exit
    __rtentry2.o(.ARM.exidx) refers to __rtentry2.o(.ARM.Collect$$rtentry$$00000001) for .ARM.Collect$$rtentry$$00000001
    __rtentry2.o(.ARM.exidx) refers to __rtentry2.o(.ARM.Collect$$rtentry$$00000008) for .ARM.Collect$$rtentry$$00000008
    __rtentry2.o(.ARM.exidx) refers to __rtentry2.o(.ARM.Collect$$rtentry$$0000000A) for .ARM.Collect$$rtentry$$0000000A
    __rtentry2.o(.ARM.exidx) refers to __rtentry2.o(.ARM.Collect$$rtentry$$0000000B) for .ARM.Collect$$rtentry$$0000000B
    __rtentry2.o(.ARM.exidx) refers to __rtentry2.o(.ARM.Collect$$rtentry$$0000000D) for .ARM.Collect$$rtentry$$0000000D
    __rtentry4.o(.ARM.Collect$$rtentry$$00000004) refers to sys_stackheap_outer.o(.text) for __user_setup_stackheap
    __rtentry4.o(.ARM.exidx) refers to __rtentry4.o(.ARM.Collect$$rtentry$$00000004) for .ARM.Collect$$rtentry$$00000004
    rtexit2.o(.ARM.Collect$$rtexit$$00000003) refers to libshutdown.o(.ARM.Collect$$libshutdown$$00000000) for __rt_lib_shutdown
    rtexit2.o(.ARM.Collect$$rtexit$$00000004) refers to sys_exit.o(.text) for _sys_exit
    rtexit2.o(.ARM.exidx) refers to rtexit2.o(.ARM.Collect$$rtexit$$00000001) for .ARM.Collect$$rtexit$$00000001
    rtexit2.o(.ARM.exidx) refers to rtexit2.o(.ARM.Collect$$rtexit$$00000003) for .ARM.Collect$$rtexit$$00000003
    rtexit2.o(.ARM.exidx) refers to rtexit2.o(.ARM.Collect$$rtexit$$00000004) for .ARM.Collect$$rtexit$$00000004
    rt_div0.o(.text) refers to defsig_fpe_outer.o(.text) for __rt_SIGFPE
    sys_exit.o(.text) refers (Special) to use_no_semi.o(.text) for __I$use$semihosting
    sys_exit.o(.text) refers (Special) to indicate_semi.o(.text) for __semihosting_library_function
    sys_stackheap_outer.o(.text) refers to libspace.o(.text) for __user_perproc_libspace
    sys_stackheap_outer.o(.text) refers to startup_mkl26z4.o(.text) for __user_initial_stackheap
    sys_stackheap_outer.o(__vectab_stack_and_reset_area) refers to tempstk.o(.text) for __temporary_stack_top
    sys_stackheap_outer.o(__vectab_stack_and_reset_area) refers to __main.o(!!!main) for __main
    defsig_fpe_outer.o(.text) refers to defsig_fpe_inner.o(.text) for __rt_SIGFPE_inner
    defsig_fpe_outer.o(.text) refers to defsig_exit.o(.text) for __sig_exit
    defsig_fpe_formal.o(.text) refers to rt_raise.o(.text) for __rt_raise
    libinit.o(.ARM.Collect$$libinit$$00000000) refers (Special) to libinit2.o(.ARM.Collect$$libinit$$0000002E) for __rt_lib_init_alloca_1
    libinit.o(.ARM.Collect$$libinit$$00000000) refers (Special) to libinit2.o(.ARM.Collect$$libinit$$0000002C) for __rt_lib_init_argv_1
    libinit.o(.ARM.Collect$$libinit$$00000000) refers (Special) to libinit2.o(.ARM.Collect$$libinit$$0000001B) for __rt_lib_init_atexit_1
    libinit.o(.ARM.Collect$$libinit$$00000000) refers (Special) to libinit2.o(.ARM.Collect$$libinit$$00000021) for __rt_lib_init_clock_1
    libinit.o(.ARM.Collect$$libinit$$00000000) refers (Special) to libinit2.o(.ARM.Collect$$libinit$$00000032) for __rt_lib_init_cpp_1
    libinit.o(.ARM.Collect$$libinit$$00000000) refers (Special) to libinit2.o(.ARM.Collect$$libinit$$00000030) for __rt_lib_init_exceptions_1
    libinit.o(.ARM.Collect$$libinit$$00000000) refers (Special) to libinit2.o(.ARM.Collect$$libinit$$00000002) for __rt_lib_init_fp_1
    libinit.o(.ARM.Collect$$libinit$$00000000) refers (Special) to libinit2.o(.ARM.Collect$$libinit$$0000001F) for __rt_lib_init_fp_trap_1
    libinit.o(.ARM.Collect$$libinit$$00000000) refers (Special) to libinit2.o(.ARM.Collect$$libinit$$00000023) for __rt_lib_init_getenv_1
    libinit.o(.ARM.Collect$$libinit$$00000000) refers (Special) to libinit2.o(.ARM.Collect$$libinit$$0000000A) for __rt_lib_init_heap_1
    libinit.o(.ARM.Collect$$libinit$$00000000) refers (Special) to libinit2.o(.ARM.Collect$$libinit$$00000011) for __rt_lib_init_lc_collate_1
    libinit.o(.ARM.Collect$$libinit$$00000000) refers (Special) to libinit2.o(.ARM.Collect$$libinit$$00000013) for __rt_lib_init_lc_ctype_1
    libinit.o(.ARM.Collect$$libinit$$00000000) refers (Special) to libinit2.o(.ARM.Collect$$libinit$$00000015) for __rt_lib_init_lc_monetary_1
    libinit.o(.ARM.Collect$$libinit$$00000000) refers (Special) to libinit2.o(.ARM.Collect$$libinit$$00000017) for __rt_lib_init_lc_numeric_1
    libinit.o(.ARM.Collect$$libinit$$00000000) refers (Special) to libinit2.o(.ARM.Collect$$libinit$$00000019) for __rt_lib_init_lc_time_1
    libinit.o(.ARM.Collect$$libinit$$00000000) refers (Special) to libinit2.o(.ARM.Collect$$libinit$$00000004) for __rt_lib_init_preinit_1
    libinit.o(.ARM.Collect$$libinit$$00000000) refers (Special) to libinit2.o(.ARM.Collect$$libinit$$0000000E) for __rt_lib_init_rand_1
    libinit.o(.ARM.Collect$$libinit$$00000000) refers (Special) to libinit2.o(.ARM.Collect$$libinit$$00000033) for __rt_lib_init_return
    libinit.o(.ARM.Collect$$libinit$$00000000) refers (Special) to libinit2.o(.ARM.Collect$$libinit$$0000001D) for __rt_lib_init_signal_1
    libinit.o(.ARM.Collect$$libinit$$00000000) refers (Special) to libinit2.o(.ARM.Collect$$libinit$$00000025) for __rt_lib_init_stdio_1
    libinit.o(.ARM.Collect$$libinit$$00000000) refers (Special) to libinit2.o(.ARM.Collect$$libinit$$0000000C) for __rt_lib_init_user_alloc_1
    libshutdown.o(.ARM.Collect$$libshutdown$$00000000) refers (Special) to libshutdown2.o(.ARM.Collect$$libshutdown$$00000006) for __rt_lib_shutdown_fp_trap_1
    libshutdown.o(.ARM.Collect$$libshutdown$$00000000) refers (Special) to libshutdown2.o(.ARM.Collect$$libshutdown$$0000000E) for __rt_lib_shutdown_heap_1
    libshutdown.o(.ARM.Collect$$libshutdown$$00000000) refers (Special) to libshutdown2.o(.ARM.Collect$$libshutdown$$0000000F) for __rt_lib_shutdown_return
    libshutdown.o(.ARM.Collect$$libshutdown$$00000000) refers (Special) to libshutdown2.o(.ARM.Collect$$libshutdown$$00000009) for __rt_lib_shutdown_signal_1
    libshutdown.o(.ARM.Collect$$libshutdown$$00000000) refers (Special) to libshutdown2.o(.ARM.Collect$$libshutdown$$00000003) for __rt_lib_shutdown_stdio_1
    libshutdown.o(.ARM.Collect$$libshutdown$$00000000) refers (Special) to libshutdown2.o(.ARM.Collect$$libshutdown$$0000000B) for __rt_lib_shutdown_user_alloc_1
    rt_raise.o(.text) refers to __raise.o(.text) for __raise
    rt_raise.o(.text) refers to sys_exit.o(.text) for _sys_exit
    defsig_exit.o(.text) refers to sys_exit.o(.text) for _sys_exit
    defsig_fpe_inner.o(.text) refers to defsig_general.o(.text) for __default_signal_display
    libinit2.o(.ARM.Collect$$libinit$$00000010) refers to libinit2.o(.ARM.Collect$$libinit$$0000000F) for .ARM.Collect$$libinit$$0000000F
    libinit2.o(.ARM.Collect$$libinit$$00000012) refers to libinit2.o(.ARM.Collect$$libinit$$0000000F) for .ARM.Collect$$libinit$$0000000F
    libinit2.o(.ARM.Collect$$libinit$$00000014) refers to libinit2.o(.ARM.Collect$$libinit$$0000000F) for .ARM.Collect$$libinit$$0000000F
    libinit2.o(.ARM.Collect$$libinit$$00000016) refers to libinit2.o(.ARM.Collect$$libinit$$0000000F) for .ARM.Collect$$libinit$$0000000F
    libinit2.o(.ARM.Collect$$libinit$$00000018) refers to libinit2.o(.ARM.Collect$$libinit$$0000000F) for .ARM.Collect$$libinit$$0000000F
    libinit2.o(.ARM.Collect$$libinit$$00000026) refers to argv_veneer.o(.text) for __ARM_argv_veneer
    libinit2.o(.ARM.Collect$$libinit$$00000027) refers to argv_veneer.o(.text) for __ARM_argv_veneer
    __raise.o(.text) refers to defsig.o(CL$$defsig) for __default_signal_handler
    defsig_general.o(.text) refers to sys_wrch.o(.text) for _ttywrch
    sys_wrch.o(.text) refers (Special) to use_no_semi.o(.text) for __I$use$semihosting
    sys_wrch.o(.text) refers (Special) to indicate_semi.o(.text) for __semihosting_library_function
    defsig.o(CL$$defsig) refers to defsig_fpe_inner.o(.text) for __rt_SIGFPE_inner
    defsig.o(CL$$defsig) refers to defsig_rtmem_inner.o(.text) for __rt_SIGRTMEM_inner
    _get_argv_nomalloc.o(.text) refers (Special) to hrguard.o(.text) for __heap_region$guard
    _get_argv_nomalloc.o(.text) refers to defsig_rtmem_outer.o(.text) for __rt_SIGRTMEM
    _get_argv_nomalloc.o(.text) refers to sys_command.o(.text) for _sys_command_string
    sys_command.o(.text) refers (Special) to use_no_semi.o(.text) for __I$use$semihosting
    sys_command.o(.text) refers (Special) to indicate_semi.o(.text) for __semihosting_library_function
    defsig_abrt_inner.o(.text) refers to defsig_general.o(.text) for __default_signal_display
    defsig_rtred_inner.o(.text) refers to defsig_general.o(.text) for __default_signal_display
    defsig_rtmem_inner.o(.text) refers to defsig_general.o(.text) for __default_signal_display
    defsig_rtmem_outer.o(.text) refers to defsig_rtmem_inner.o(.text) for __rt_SIGRTMEM_inner
    defsig_rtmem_outer.o(.text) refers to defsig_exit.o(.text) for __sig_exit
    defsig_rtmem_formal.o(.text) refers to rt_raise.o(.text) for __rt_raise
    defsig_stak_inner.o(.text) refers to defsig_general.o(.text) for __default_signal_display
    defsig_pvfn_inner.o(.text) refers to defsig_general.o(.text) for __default_signal_display
    defsig_cppl_inner.o(.text) refers to defsig_general.o(.text) for __default_signal_display
    defsig_segv_inner.o(.text) refers to defsig_general.o(.text) for __default_signal_display
    defsig_other.o(.text) refers to defsig_general.o(.text) for __default_signal_display


==============================================================================

Removing Unused input sections from the image.

    Removing main.o(.rev16_text), (4 bytes).
    Removing main.o(.revsh_text), (4 bytes).
    Removing rtx_conf_cm.o(i.__user_perthread_libspace), (48 bytes).
    Removing rtx_conf_cm.o(i._mutex_initialize), (44 bytes).
    Removing system_mkl26z4.o(.rev16_text), (4 bytes).
    Removing system_mkl26z4.o(.revsh_text), (4 bytes).
    Removing rt_cmsis.o(.rev16_text), (4 bytes).
    Removing rt_cmsis.o(.revsh_text), (4 bytes).
    Removing rt_cmsis.o(i.isrSemaphoreRelease), (44 bytes).
    Removing rt_cmsis.o(i.isrSignalSet), (38 bytes).
    Removing rt_cmsis.o(i.osDelay), (28 bytes).
    Removing rt_cmsis.o(i.osKernelRunning), (40 bytes).
    Removing rt_cmsis.o(i.osKernelSysTick), (28 bytes).
    Removing rt_cmsis.o(i.osMailAlloc), (36 bytes).
    Removing rt_cmsis.o(i.osMailCAlloc), (36 bytes).
    Removing rt_cmsis.o(i.osMailCreate), (52 bytes).
    Removing rt_cmsis.o(i.osMailFree), (32 bytes).
    Removing rt_cmsis.o(i.osMailGet), (24 bytes).
    Removing rt_cmsis.o(i.osMailPut), (28 bytes).
    Removing rt_cmsis.o(i.osMessageCreate), (52 bytes).
    Removing rt_cmsis.o(i.osMessagePut), (28 bytes).
    Removing rt_cmsis.o(i.osMutexCreate), (52 bytes).
    Removing rt_cmsis.o(i.osMutexDelete), (28 bytes).
    Removing rt_cmsis.o(i.osMutexRelease), (28 bytes).
    Removing rt_cmsis.o(i.osMutexWait), (28 bytes).
    Removing rt_cmsis.o(i.osPoolAlloc), (40 bytes).
    Removing rt_cmsis.o(i.osPoolCAlloc), (40 bytes).
    Removing rt_cmsis.o(i.osPoolCreate), (52 bytes).
    Removing rt_cmsis.o(i.osPoolFree), (36 bytes).
    Removing rt_cmsis.o(i.osSemaphoreCreate), (52 bytes).
    Removing rt_cmsis.o(i.osSemaphoreDelete), (28 bytes).
    Removing rt_cmsis.o(i.osSemaphoreRelease), (28 bytes).
    Removing rt_cmsis.o(i.osSemaphoreWait), (28 bytes).
    Removing rt_cmsis.o(i.osSignalClear), (28 bytes).
    Removing rt_cmsis.o(i.osSignalSet), (28 bytes).
    Removing rt_cmsis.o(i.osSignalWait), (28 bytes).
    Removing rt_cmsis.o(i.osThreadGetId), (28 bytes).
    Removing rt_cmsis.o(i.osThreadGetPriority), (28 bytes).
    Removing rt_cmsis.o(i.osThreadSetPriority), (28 bytes).
    Removing rt_cmsis.o(i.osThreadTerminate), (28 bytes).
    Removing rt_cmsis.o(i.osThreadYield), (28 bytes).
    Removing rt_cmsis.o(i.osTimerCreate), (52 bytes).
    Removing rt_cmsis.o(i.osTimerDelete), (28 bytes).
    Removing rt_cmsis.o(i.osTimerStart), (28 bytes).
    Removing rt_cmsis.o(i.osTimerStop), (28 bytes).
    Removing rt_cmsis.o(i.osWait), (4 bytes).
    Removing rt_cmsis.o(i.os_resume), (16 bytes).
    Removing rt_cmsis.o(i.os_suspend), (16 bytes).
    Removing rt_cmsis.o(i.rt_clr_box), (22 bytes).
    Removing rt_cmsis.o(i.rt_timer_remove), (68 bytes).
    Removing rt_cmsis.o(i.svcDelay), (20 bytes).
    Removing rt_cmsis.o(i.svcKernelRunning), (12 bytes).
    Removing rt_cmsis.o(i.svcKernelSysTick), (56 bytes).
    Removing rt_cmsis.o(i.svcMailCreate), (78 bytes).
    Removing rt_cmsis.o(i.svcMessagePut), (56 bytes).
    Removing rt_cmsis.o(i.svcMutexCreate), (32 bytes).
    Removing rt_cmsis.o(i.svcMutexDelete), (28 bytes).
    Removing rt_cmsis.o(i.svcMutexRelease), (36 bytes).
    Removing rt_cmsis.o(i.svcMutexWait), (56 bytes).
    Removing rt_cmsis.o(i.svcPoolCreate), (46 bytes).
    Removing rt_cmsis.o(i.svcSemaphoreCreate), (44 bytes).
    Removing rt_cmsis.o(i.svcSemaphoreDelete), (28 bytes).
    Removing rt_cmsis.o(i.svcSemaphoreRelease), (44 bytes).
    Removing rt_cmsis.o(i.svcSemaphoreWait), (52 bytes).
    Removing rt_cmsis.o(i.svcSignalClear), (38 bytes).
    Removing rt_cmsis.o(i.svcSignalSet), (38 bytes).
    Removing rt_cmsis.o(i.svcSignalWait), (92 bytes).
    Removing rt_cmsis.o(i.svcThreadGetPriority), (20 bytes).
    Removing rt_cmsis.o(i.svcThreadSetPriority), (48 bytes).
    Removing rt_cmsis.o(i.svcThreadYield), (10 bytes).
    Removing rt_cmsis.o(i.svcTimerCreate), (64 bytes).
    Removing rt_cmsis.o(i.svcTimerDelete), (40 bytes).
    Removing rt_cmsis.o(i.svcTimerStart), (108 bytes).
    Removing rt_cmsis.o(i.svcTimerStop), (38 bytes).
    Removing rt_cmsis.o(i.sysMailAlloc), (120 bytes).
    Removing rt_cmsis.o(i.sysMailFree), (106 bytes).
    Removing rt_cmsis.o(i.sysPoolAlloc), (34 bytes).
    Removing rt_cmsis.o(i.sysPoolFree), (22 bytes).
    Removing rt_cmsis.o(i.sysUserTimerUpdate), (48 bytes).
    Removing rt_cmsis.o(i.sysUserTimerWakeupTime), (24 bytes).
    Removing rt_task.o(i.rt_tsk_pass), (44 bytes).
    Removing rt_mutex.o(i.rt_mut_delete), (180 bytes).
    Removing rt_mutex.o(i.rt_mut_init), (16 bytes).
    Removing rt_system.o(.emb_text), (0 bytes).
    Removing rt_system.o(i.os_tick_ovf), (16 bytes).
    Removing rt_system.o(i.os_tick_val), (20 bytes).
    Removing rt_system.o(i.rt_resume), (136 bytes).
    Removing rt_system.o(i.rt_suspend), (40 bytes).
    Removing rt_system.o(i.rt_tsk_lock), (84 bytes).
    Removing rt_system.o(i.rt_tsk_unlock), (84 bytes).
    Removing rt_event.o(i.isr_evt_set), (36 bytes).
    Removing rt_event.o(i.rt_evt_clr), (28 bytes).
    Removing rt_event.o(i.rt_evt_get), (12 bytes).
    Removing rt_event.o(i.rt_evt_set), (92 bytes).
    Removing rt_event.o(i.rt_evt_wait), (64 bytes).
    Removing rt_list.o(i.rt_get_same_rdy_prio), (36 bytes).
    Removing rt_mailbox.o(i.rt_mbx_send), (148 bytes).
    Removing rt_semaphore.o(i.isr_sem_send), (14 bytes).
    Removing rt_semaphore.o(i.rt_sem_delete), (96 bytes).
    Removing rt_semaphore.o(i.rt_sem_init), (12 bytes).
    Removing rt_semaphore.o(i.rt_sem_send), (44 bytes).
    Removing rt_semaphore.o(i.rt_sem_wait), (68 bytes).
    Removing rt_time.o(i.rt_dly_wait), (10 bytes).
    Removing rt_time.o(i.rt_itv_set), (24 bytes).
    Removing rt_time.o(i.rt_itv_wait), (44 bytes).
    Removing rt_time.o(i.rt_time_get), (12 bytes).
    Removing rt_membox.o(i._calloc_box), (32 bytes).
    Removing rt_cmsis.o(i.__ARM_common_ll_muluu), (48 bytes).

108 unused section(s) (total 4386 bytes) removed from the image.

==============================================================================

Image Symbol Table

    Local Symbols

    Symbol Name                              Value     Ov Type        Size  Object(Section)

    RESET                                    0x00000000   Section      192  startup_mkl26z4.o(RESET)
    ../clib/angel/boardlib.s                 0x00000000   Number         0  boardshut.o ABSOLUTE
    ../clib/angel/boardlib.s                 0x00000000   Number         0  boardinit2.o ABSOLUTE
    ../clib/angel/boardlib.s                 0x00000000   Number         0  boardinit1.o ABSOLUTE
    ../clib/angel/handlers.s                 0x00000000   Number         0  __scatter_copy.o ABSOLUTE
    ../clib/angel/handlers.s                 0x00000000   Number         0  __scatter_zi.o ABSOLUTE
    ../clib/angel/kernel.s                   0x00000000   Number         0  rtexit.o ABSOLUTE
    ../clib/angel/kernel.s                   0x00000000   Number         0  __rtentry2.o ABSOLUTE
    ../clib/angel/kernel.s                   0x00000000   Number         0  __rtentry.o ABSOLUTE
    ../clib/angel/kernel.s                   0x00000000   Number         0  rtexit2.o ABSOLUTE
    ../clib/angel/kernel.s                   0x00000000   Number         0  __rtentry4.o ABSOLUTE
    ../clib/angel/rt.s                       0x00000000   Number         0  aeabi_idiv0_sigfpe.o ABSOLUTE
    ../clib/angel/rt.s                       0x00000000   Number         0  rt_div0.o ABSOLUTE
    ../clib/angel/rt.s                       0x00000000   Number         0  aeabi_ldiv0_sigfpe.o ABSOLUTE
    ../clib/angel/rt.s                       0x00000000   Number         0  aeabi_ldiv0.o ABSOLUTE
    ../clib/angel/rt.s                       0x00000000   Number         0  rt_raise.o ABSOLUTE
    ../clib/angel/rt.s                       0x00000000   Number         0  aeabi_idiv0.o ABSOLUTE
    ../clib/angel/scatterp.s                 0x00000000   Number         0  __scatter.o ABSOLUTE
    ../clib/angel/startup.s                  0x00000000   Number         0  __main.o ABSOLUTE
    ../clib/angel/sys.s                      0x00000000   Number         0  use_no_semi.o ABSOLUTE
    ../clib/angel/sys.s                      0x00000000   Number         0  sys_stackheap_outer.o ABSOLUTE
    ../clib/angel/sys.s                      0x00000000   Number         0  tempstk.o ABSOLUTE
    ../clib/angel/sys.s                      0x00000000   Number         0  indicate_semi.o ABSOLUTE
    ../clib/angel/sys.s                      0x00000000   Number         0  libspace.o ABSOLUTE
    ../clib/angel/sysapp.c                   0x00000000   Number         0  sys_wrch.o ABSOLUTE
    ../clib/angel/sysapp.c                   0x00000000   Number         0  sys_exit.o ABSOLUTE
    ../clib/angel/sysapp.c                   0x00000000   Number         0  sys_command.o ABSOLUTE
    ../clib/armsys.c                         0x00000000   Number         0  argv_veneer.o ABSOLUTE
    ../clib/armsys.c                         0x00000000   Number         0  _get_argv_nomalloc.o ABSOLUTE
    ../clib/armsys.c                         0x00000000   Number         0  no_argv.o ABSOLUTE
    ../clib/division.c                       0x00000000   Number         0  lludiv.o ABSOLUTE
    ../clib/division.s                       0x00000000   Number         0  aeabi_sdiv_div0.o ABSOLUTE
    ../clib/division.s                       0x00000000   Number         0  aeabi_sdiv.o ABSOLUTE
    ../clib/heapalloc.c                      0x00000000   Number         0  hrguard.o ABSOLUTE
    ../clib/heapaux.c                        0x00000000   Number         0  heapauxi.o ABSOLUTE
    ../clib/libinit.s                        0x00000000   Number         0  libshutdown.o ABSOLUTE
    ../clib/libinit.s                        0x00000000   Number         0  libinit2.o ABSOLUTE
    ../clib/libinit.s                        0x00000000   Number         0  libshutdown2.o ABSOLUTE
    ../clib/libinit.s                        0x00000000   Number         0  libinit.o ABSOLUTE
    ../clib/signal.c                         0x00000000   Number         0  defsig_exit.o ABSOLUTE
    ../clib/signal.c                         0x00000000   Number         0  defsig_fpe_formal.o ABSOLUTE
    ../clib/signal.c                         0x00000000   Number         0  defsig_fpe_outer.o ABSOLUTE
    ../clib/signal.c                         0x00000000   Number         0  defsig_other.o ABSOLUTE
    ../clib/signal.c                         0x00000000   Number         0  defsig_fpe_inner.o ABSOLUTE
    ../clib/signal.c                         0x00000000   Number         0  defsig_segv_inner.o ABSOLUTE
    ../clib/signal.c                         0x00000000   Number         0  defsig_cppl_inner.o ABSOLUTE
    ../clib/signal.c                         0x00000000   Number         0  defsig_pvfn_inner.o ABSOLUTE
    ../clib/signal.c                         0x00000000   Number         0  defsig_stak_inner.o ABSOLUTE
    ../clib/signal.c                         0x00000000   Number         0  defsig_rtmem_formal.o ABSOLUTE
    ../clib/signal.c                         0x00000000   Number         0  defsig_rtmem_outer.o ABSOLUTE
    ../clib/signal.c                         0x00000000   Number         0  defsig_rtmem_inner.o ABSOLUTE
    ../clib/signal.c                         0x00000000   Number         0  defsig_rtred_inner.o ABSOLUTE
    ../clib/signal.c                         0x00000000   Number         0  defsig_abrt_inner.o ABSOLUTE
    ../clib/signal.c                         0x00000000   Number         0  defsig_general.o ABSOLUTE
    ../clib/signal.c                         0x00000000   Number         0  __raise.o ABSOLUTE
    ../clib/signal.s                         0x00000000   Number         0  defsig.o ABSOLUTE
    ../clib/stdlib.c                         0x00000000   Number         0  exit.o ABSOLUTE
    ../fplib/cfplib/fpinit.c                 0x00000000   Number         0  fpinit.o ABSOLUTE
    ..\HAL_CM.c                              0x00000000   Number         0  hal_cm.o ABSOLUTE
    ..\\rt_CMSIS.c                           0x00000000   Number         0  rt_cmsis.o ABSOLUTE
    ..\\rt_System.c                          0x00000000   Number         0  rt_system.o ABSOLUTE
    ..\rt_CMSIS.c                            0x00000000   Number         0  rt_cmsis.o ABSOLUTE
    ..\rt_Event.c                            0x00000000   Number         0  rt_event.o ABSOLUTE
    ..\rt_List.c                             0x00000000   Number         0  rt_list.o ABSOLUTE
    ..\rt_Mailbox.c                          0x00000000   Number         0  rt_mailbox.o ABSOLUTE
    ..\rt_MemBox.c                           0x00000000   Number         0  rt_membox.o ABSOLUTE
    ..\rt_Memory.c                           0x00000000   Number         0  rt_memory.o ABSOLUTE
    ..\rt_Mutex.c                            0x00000000   Number         0  rt_mutex.o ABSOLUTE
    ..\rt_Robin.c                            0x00000000   Number         0  rt_robin.o ABSOLUTE
    ..\rt_Semaphore.c                        0x00000000   Number         0  rt_semaphore.o ABSOLUTE
    ..\rt_System.c                           0x00000000   Number         0  rt_system.o ABSOLUTE
    ..\rt_Task.c                             0x00000000   Number         0  rt_task.o ABSOLUTE
    ..\rt_Time.c                             0x00000000   Number         0  rt_time.o ABSOLUTE
    HAL_CM0.c                                0x00000000   Number         0  hal_cm0.o ABSOLUTE
    HAL_CM0.c                                0x00000000   Number         0  hal_cm0.o ABSOLUTE
    RTE\CMSIS\RTX_Conf_CM.c                  0x00000000   Number         0  rtx_conf_cm.o ABSOLUTE
    RTE\Device\MKL26Z128xxx4\startup_MKL26Z4.s 0x00000000   Number         0  startup_mkl26z4.o ABSOLUTE
    RTE\Device\MKL26Z128xxx4\system_MKL26Z4.c 0x00000000   Number         0  system_mkl26z4.o ABSOLUTE
    RTE\\CMSIS\\RTX_Conf_CM.c                0x00000000   Number         0  rtx_conf_cm.o ABSOLUTE
    RTE\\Device\\MKL26Z128xxx4\\system_MKL26Z4.c 0x00000000   Number         0  system_mkl26z4.o ABSOLUTE
    SVC_Table.s                              0x00000000   Number         0  svc_table.o ABSOLUTE
    dc.s                                     0x00000000   Number         0  dc.o ABSOLUTE
    main.c                                   0x00000000   Number         0  main.o ABSOLUTE
    main.c                                   0x00000000   Number         0  main.o ABSOLUTE
    !!!main                                  0x000000c0   Section        8  __main.o(!!!main)
    !!!scatter                               0x000000c8   Section       60  __scatter.o(!!!scatter)
    !!handler_copy                           0x00000104   Section       26  __scatter_copy.o(!!handler_copy)
    !!handler_zi                             0x00000120   Section       28  __scatter_zi.o(!!handler_zi)
    .ARM.Collect$$libinit$$00000000          0x0000013c   Section        2  libinit.o(.ARM.Collect$$libinit$$00000000)
    .ARM.Collect$$libinit$$00000002          0x0000013e   Section        0  libinit2.o(.ARM.Collect$$libinit$$00000002)
    .ARM.Collect$$libinit$$00000004          0x0000013e   Section        0  libinit2.o(.ARM.Collect$$libinit$$00000004)
    .ARM.Collect$$libinit$$0000000A          0x0000013e   Section        0  libinit2.o(.ARM.Collect$$libinit$$0000000A)
    .ARM.Collect$$libinit$$0000000C          0x0000013e   Section        0  libinit2.o(.ARM.Collect$$libinit$$0000000C)
    .ARM.Collect$$libinit$$0000000E          0x0000013e   Section        0  libinit2.o(.ARM.Collect$$libinit$$0000000E)
    .ARM.Collect$$libinit$$00000011          0x0000013e   Section        0  libinit2.o(.ARM.Collect$$libinit$$00000011)
    .ARM.Collect$$libinit$$00000013          0x0000013e   Section        0  libinit2.o(.ARM.Collect$$libinit$$00000013)
    .ARM.Collect$$libinit$$00000015          0x0000013e   Section        0  libinit2.o(.ARM.Collect$$libinit$$00000015)
    .ARM.Collect$$libinit$$00000017          0x0000013e   Section        0  libinit2.o(.ARM.Collect$$libinit$$00000017)
    .ARM.Collect$$libinit$$00000019          0x0000013e   Section        0  libinit2.o(.ARM.Collect$$libinit$$00000019)
    .ARM.Collect$$libinit$$0000001B          0x0000013e   Section        0  libinit2.o(.ARM.Collect$$libinit$$0000001B)
    .ARM.Collect$$libinit$$0000001D          0x0000013e   Section        0  libinit2.o(.ARM.Collect$$libinit$$0000001D)
    .ARM.Collect$$libinit$$0000001F          0x0000013e   Section        0  libinit2.o(.ARM.Collect$$libinit$$0000001F)
    .ARM.Collect$$libinit$$00000021          0x0000013e   Section        0  libinit2.o(.ARM.Collect$$libinit$$00000021)
    .ARM.Collect$$libinit$$00000023          0x0000013e   Section        0  libinit2.o(.ARM.Collect$$libinit$$00000023)
    .ARM.Collect$$libinit$$00000025          0x0000013e   Section        0  libinit2.o(.ARM.Collect$$libinit$$00000025)
    .ARM.Collect$$libinit$$0000002C          0x0000013e   Section        0  libinit2.o(.ARM.Collect$$libinit$$0000002C)
    .ARM.Collect$$libinit$$0000002E          0x0000013e   Section        0  libinit2.o(.ARM.Collect$$libinit$$0000002E)
    .ARM.Collect$$libinit$$00000030          0x0000013e   Section        0  libinit2.o(.ARM.Collect$$libinit$$00000030)
    .ARM.Collect$$libinit$$00000032          0x0000013e   Section        0  libinit2.o(.ARM.Collect$$libinit$$00000032)
    .ARM.Collect$$libinit$$00000033          0x0000013e   Section        2  libinit2.o(.ARM.Collect$$libinit$$00000033)
    .ARM.Collect$$libshutdown$$00000000      0x00000140   Section        2  libshutdown.o(.ARM.Collect$$libshutdown$$00000000)
    .ARM.Collect$$libshutdown$$00000003      0x00000142   Section        0  libshutdown2.o(.ARM.Collect$$libshutdown$$00000003)
    .ARM.Collect$$libshutdown$$00000006      0x00000142   Section        0  libshutdown2.o(.ARM.Collect$$libshutdown$$00000006)
    .ARM.Collect$$libshutdown$$00000009      0x00000142   Section        0  libshutdown2.o(.ARM.Collect$$libshutdown$$00000009)
    .ARM.Collect$$libshutdown$$0000000B      0x00000142   Section        0  libshutdown2.o(.ARM.Collect$$libshutdown$$0000000B)
    .ARM.Collect$$libshutdown$$0000000E      0x00000142   Section        0  libshutdown2.o(.ARM.Collect$$libshutdown$$0000000E)
    .ARM.Collect$$libshutdown$$0000000F      0x00000142   Section        2  libshutdown2.o(.ARM.Collect$$libshutdown$$0000000F)
    .ARM.Collect$$rtentry$$00000000          0x00000144   Section        0  __rtentry.o(.ARM.Collect$$rtentry$$00000000)
    .ARM.Collect$$rtentry$$00000002          0x00000144   Section        0  __rtentry2.o(.ARM.Collect$$rtentry$$00000002)
    .ARM.Collect$$rtentry$$00000004          0x00000144   Section        6  __rtentry4.o(.ARM.Collect$$rtentry$$00000004)
    .ARM.Collect$$rtentry$$00000009          0x0000014a   Section        0  __rtentry2.o(.ARM.Collect$$rtentry$$00000009)
    .ARM.Collect$$rtentry$$0000000A          0x0000014a   Section        4  __rtentry2.o(.ARM.Collect$$rtentry$$0000000A)
    .ARM.Collect$$rtentry$$0000000B          0x0000014e   Section        8  __rtentry2.o(.ARM.Collect$$rtentry$$0000000B)
    .ARM.Collect$$rtentry$$0000000D          0x00000156   Section        8  __rtentry2.o(.ARM.Collect$$rtentry$$0000000D)
    .ARM.Collect$$rtexit$$00000000           0x0000015e   Section        2  rtexit.o(.ARM.Collect$$rtexit$$00000000)
    .ARM.Collect$$rtexit$$00000002           0x00000160   Section        0  rtexit2.o(.ARM.Collect$$rtexit$$00000002)
    .ARM.Collect$$rtexit$$00000003           0x00000160   Section        4  rtexit2.o(.ARM.Collect$$rtexit$$00000003)
    .ARM.Collect$$rtexit$$00000004           0x00000164   Section        6  rtexit2.o(.ARM.Collect$$rtexit$$00000004)
    .emb_text                                0x0000016c   Section       28  rtx_conf_cm.o(.emb_text)
    .emb_text                                0x00000188   Section      356  hal_cm0.o(.emb_text)
    .text                                    0x000002ec   Section       52  startup_mkl26z4.o(.text)
    .text                                    0x00000320   Section        8  libspace.o(.text)
    .text                                    0x00000328   Section        0  exit.o(.text)
    .text                                    0x00000334   Section        0  heapauxi.o(.text)
    .text                                    0x0000033c   Section        0  sys_exit.o(.text)
    .text                                    0x00000348   Section       62  sys_stackheap_outer.o(.text)
    .text                                    0x00000386   Section        2  use_no_semi.o(.text)
    .text                                    0x00000388   Section        0  indicate_semi.o(.text)
    SVC_TABLE                                0x00000388   Section        4  svc_table.o(SVC_TABLE)
    i.__ARM_common_switch8                   0x0000038c   Section        0  system_mkl26z4.o(i.__ARM_common_switch8)
    i._init_box                              0x000003a8   Section        0  rt_membox.o(i._init_box)
    i.isr_mbx_send                           0x000003f0   Section        0  rt_mailbox.o(i.isr_mbx_send)
    i.os_idle_demon                          0x000003fc   Section        0  rtx_conf_cm.o(i.os_idle_demon)
    .ARM.__at_0x400                          0x00000400   Section       16  startup_mkl26z4.o(.ARM.__at_0x400)
    .text                                    0x00000410   Section      346  aeabi_sdiv.o(.text)
    i.SystemCoreClockUpdate                  0x0000056c   Section        0  system_mkl26z4.o(i.SystemCoreClockUpdate)
    i.SystemInit                             0x000006c8   Section        0  system_mkl26z4.o(i.SystemInit)
    i._mutex_acquire                         0x00000798   Section        0  rtx_conf_cm.o(i._mutex_acquire)
    __tagsym$$used                           0x00000799   Number         0  rtx_conf_cm.o(i._mutex_acquire)
    i._mutex_release                         0x000007bc   Section        0  rtx_conf_cm.o(i._mutex_release)
    __tagsym$$used                           0x000007bd   Number         0  rtx_conf_cm.o(i._mutex_release)
    i.isrMessageGet                          0x000007d8   Section        0  rt_cmsis.o(i.isrMessageGet)
    i.isrMessagePut                          0x00000806   Section        0  rt_cmsis.o(i.isrMessagePut)
    i.isr_mbx_receive                        0x00000836   Section        0  rt_mailbox.o(i.isr_mbx_receive)
    i.main                                   0x0000087c   Section        0  main.o(i.main)
    i.osKernelInitialize                     0x00000930   Section        0  rt_cmsis.o(i.osKernelInitialize)
    i.osKernelStart                          0x00000958   Section        0  rt_cmsis.o(i.osKernelStart)
    i.osMessageGet                           0x000009c4   Section        0  rt_cmsis.o(i.osMessageGet)
    i.osThreadCreate                         0x000009e0   Section        0  rt_cmsis.o(i.osThreadCreate)
    i.osThreadExit                           0x00000a14   Section        0  rt_cmsis.o(i.osThreadExit)
    i.osTimerCall                            0x00000a2c   Section        0  rt_cmsis.o(i.osTimerCall)
    i.osTimerThread                          0x00000a3c   Section        0  rt_cmsis.o(i.osTimerThread)
    i.os_error                               0x00000a68   Section        0  rtx_conf_cm.o(i.os_error)
    i.os_tick_init                           0x00000a88   Section        0  rt_system.o(i.os_tick_init)
    i.os_tick_irqack                         0x00000ab4   Section        0  rt_system.o(i.os_tick_irqack)
    i.rt_alloc_box                           0x00000ab6   Section        0  rt_membox.o(i.rt_alloc_box)
    i.rt_alloc_mem                           0x00000ad4   Section        0  rt_memory.o(i.rt_alloc_mem)
    i.rt_block                               0x00000b18   Section        0  rt_task.o(i.rt_block)
    i.rt_chk_robin                           0x00000b50   Section        0  rt_robin.o(i.rt_chk_robin)
    i.rt_dec_dly                             0x00000b94   Section        0  rt_list.o(i.rt_dec_dly)
    i.rt_dispatch                            0x00000c08   Section        0  rt_task.o(i.rt_dispatch)
    i.rt_evt_psh                             0x00000c48   Section        0  rt_event.o(i.rt_evt_psh)
    i.rt_free_box                            0x00000c98   Section        0  rt_membox.o(i.rt_free_box)
    i.rt_free_mem                            0x00000cbe   Section        0  rt_memory.o(i.rt_free_mem)
    i.rt_get_first                           0x00000cee   Section        0  rt_list.o(i.rt_get_first)
    i.rt_id2obj                              0x00000d18   Section        0  rt_cmsis.o(i.rt_id2obj)
    rt_id2obj                                0x00000d19   Thumb Code     8  rt_cmsis.o(i.rt_id2obj)
    i.rt_init_context                        0x00000d20   Section        0  rt_task.o(i.rt_init_context)
    rt_init_context                          0x00000d21   Thumb Code    66  rt_task.o(i.rt_init_context)
    i.rt_init_mem                            0x00000d68   Section        0  rt_memory.o(i.rt_init_mem)
    i.rt_init_robin                          0x00000d84   Section        0  rt_robin.o(i.rt_init_robin)
    i.rt_init_stack                          0x00000d9c   Section        0  hal_cm.o(i.rt_init_stack)
    i.rt_mbx_check                           0x00000e14   Section        0  rt_mailbox.o(i.rt_mbx_check)
    i.rt_mbx_init                            0x00000e1c   Section        0  rt_mailbox.o(i.rt_mbx_init)
    i.rt_mbx_psh                             0x00000e40   Section        0  rt_mailbox.o(i.rt_mbx_psh)
    i.rt_mbx_wait                            0x00000f10   Section        0  rt_mailbox.o(i.rt_mbx_wait)
    i.rt_ms2tick                             0x00000fc0   Section        0  rt_cmsis.o(i.rt_ms2tick)
    rt_ms2tick                               0x00000fc1   Thumb Code    48  rt_cmsis.o(i.rt_ms2tick)
    i.rt_mut_release                         0x00000ffc   Section        0  rt_mutex.o(i.rt_mut_release)
    i.rt_mut_wait                            0x000010d4   Section        0  rt_mutex.o(i.rt_mut_wait)
    i.rt_pop_req                             0x00001144   Section        0  rt_system.o(i.rt_pop_req)
    i.rt_psh_req                             0x000011b4   Section        0  rt_system.o(i.rt_psh_req)
    i.rt_psq_enq                             0x000011d4   Section        0  rt_list.o(i.rt_psq_enq)
    i.rt_put_dly                             0x00001214   Section        0  rt_list.o(i.rt_put_dly)
    i.rt_put_prio                            0x00001264   Section        0  rt_list.o(i.rt_put_prio)
    i.rt_put_rdy_first                       0x000012a0   Section        0  rt_list.o(i.rt_put_rdy_first)
    i.rt_resort_prio                         0x000012b4   Section        0  rt_list.o(i.rt_resort_prio)
    i.rt_ret_val                             0x000012e4   Section        0  hal_cm.o(i.rt_ret_val)
    i.rt_ret_val2                            0x000012ea   Section        0  hal_cm.o(i.rt_ret_val2)
    i.rt_rmv_dly                             0x000012f2   Section        0  rt_list.o(i.rt_rmv_dly)
    i.rt_rmv_list                            0x0000131c   Section        0  rt_list.o(i.rt_rmv_list)
    i.rt_sem_psh                             0x00001350   Section        0  rt_semaphore.o(i.rt_sem_psh)
    i.rt_stk_check                           0x00001384   Section        0  rt_system.o(i.rt_stk_check)
    i.rt_switch_req                          0x000013ac   Section        0  rt_task.o(i.rt_switch_req)
    i.rt_sys_init                            0x000013bc   Section        0  rt_task.o(i.rt_sys_init)
    i.rt_sys_start                           0x00001484   Section        0  rt_task.o(i.rt_sys_start)
    i.rt_systick                             0x000014e8   Section        0  rt_system.o(i.rt_systick)
    i.rt_tid2ptcb                            0x00001524   Section        0  rt_cmsis.o(i.rt_tid2ptcb)
    rt_tid2ptcb                              0x00001525   Thumb Code    18  rt_cmsis.o(i.rt_tid2ptcb)
    i.rt_timer_insert                        0x00001538   Section        0  rt_cmsis.o(i.rt_timer_insert)
    rt_timer_insert                          0x00001539   Thumb Code    52  rt_cmsis.o(i.rt_timer_insert)
    i.rt_tsk_create                          0x00001570   Section        0  rt_task.o(i.rt_tsk_create)
    i.rt_tsk_delete                          0x000015e0   Section        0  rt_task.o(i.rt_tsk_delete)
    i.rt_tsk_prio                            0x0000171c   Section        0  rt_task.o(i.rt_tsk_prio)
    i.rt_tsk_self                            0x0000179c   Section        0  rt_task.o(i.rt_tsk_self)
    i.svcKernelInitialize                    0x000017ac   Section        0  rt_cmsis.o(i.svcKernelInitialize)
    i.svcKernelStart                         0x00001824   Section        0  rt_cmsis.o(i.svcKernelStart)
    i.svcMessageCreate                       0x00001870   Section        0  rt_cmsis.o(i.svcMessageCreate)
    i.svcMessageGet                          0x0000189a   Section        0  rt_cmsis.o(i.svcMessageGet)
    i.svcThreadCreate                        0x000018d8   Section        0  rt_cmsis.o(i.svcThreadCreate)
    i.svcThreadGetId                         0x00001950   Section        0  rt_cmsis.o(i.svcThreadGetId)
    i.svcThreadTerminate                     0x0000196c   Section        0  rt_cmsis.o(i.svcThreadTerminate)
    i.svcTimerCall                           0x000019a8   Section        0  rt_cmsis.o(i.svcTimerCall)
    i.sysTimerTick                           0x000019c4   Section        0  rt_cmsis.o(i.sysTimerTick)
    .constdata                               0x00001a1c   Section       86  rtx_conf_cm.o(.constdata)
    __tagsym$$used                           0x00001a38   Number         0  rtx_conf_cm.o(.constdata)
    __tagsym$$used                           0x00001a3c   Number         0  rtx_conf_cm.o(.constdata)
    __tagsym$$used                           0x00001a40   Number         0  rtx_conf_cm.o(.constdata)
    __tagsym$$used                           0x00001a44   Number         0  rtx_conf_cm.o(.constdata)
    .data                                    0x1ffff000   Section       36  rtx_conf_cm.o(.data)
    nr_mutex                                 0x1ffff010   Data           4  rtx_conf_cm.o(.data)
    .data                                    0x1ffff024   Section        4  system_mkl26z4.o(.data)
    .data                                    0x1ffff028   Section        8  rt_cmsis.o(.data)
    .data                                    0x1ffff030   Section        8  rt_task.o(.data)
    .data                                    0x1ffff038   Section        8  rt_system.o(.data)
    os_lock                                  0x1ffff038   Data           1  rt_system.o(.data)
    os_psh_flag                              0x1ffff039   Data           1  rt_system.o(.data)
    pend_flags                               0x1ffff03a   Data           1  rt_system.o(.data)
    .data                                    0x1ffff040   Section        4  rt_time.o(.data)
    .data                                    0x1ffff044   Section        8  rt_robin.o(.data)
    .bss                                     0x1ffff050   Section     3016  rtx_conf_cm.o(.bss)
    std_libspace                             0x1ffff8f8   Data         672  rtx_conf_cm.o(.bss)
    std_libmutex                             0x1ffffb98   Data         128  rtx_conf_cm.o(.bss)
    .bss                                     0x1ffffc18   Section       52  rt_task.o(.bss)
    .bss                                     0x1ffffc4c   Section       48  rt_list.o(.bss)
    .bss                                     0x1ffffc7c   Section       96  libspace.o(.bss)
    HEAP                                     0x1ffffce0   Section        0  startup_mkl26z4.o(HEAP)
    STACK                                    0x1ffffce0   Section      256  startup_mkl26z4.o(STACK)
    Heap_Mem                                 0x1ffffce0   Data           0  startup_mkl26z4.o(HEAP)
    Stack_Mem                                0x1ffffce0   Data         256  startup_mkl26z4.o(STACK)
    __initial_sp                             0x1ffffde0   Data           0  startup_mkl26z4.o(STACK)

    Global Symbols

    Symbol Name                              Value     Ov Type        Size  Object(Section)

    BuildAttributes$$THM_ISAv3M$S$PE$A:L22$X:L11$S22$IEEE1$IW$USESV6$~STKCKD$USESV7$~SHL$OSPACE$ROPI$EBA8$UX$STANDARDLIB$REQ8$PRES8$EABIv2 0x00000000   Number         0  anon$$obj.o ABSOLUTE
    __ARM_use_no_argv                        0x00000000   Number         0  main.o ABSOLUTE
    __Vectors                                0x00000000   Data           4  startup_mkl26z4.o(RESET)
    __ARM_exceptions_init                     - Undefined Weak Reference
    __alloca_initialize                       - Undefined Weak Reference
    __arm_preinit_                            - Undefined Weak Reference
    __cpp_initialize__aeabi_                  - Undefined Weak Reference
    __cxa_finalize                            - Undefined Weak Reference
    __rt_locale                               - Undefined Weak Reference
    __sigvec_lookup                           - Undefined Weak Reference
    _atexit_init                              - Undefined Weak Reference
    _call_atexit_fns                          - Undefined Weak Reference
    _clock_init                               - Undefined Weak Reference
    _fp_trap_init                             - Undefined Weak Reference
    _fp_trap_shutdown                         - Undefined Weak Reference
    _get_lc_collate                           - Undefined Weak Reference
    _get_lc_ctype                             - Undefined Weak Reference
    _get_lc_monetary                          - Undefined Weak Reference
    _get_lc_numeric                           - Undefined Weak Reference
    _get_lc_time                              - Undefined Weak Reference
    _getenv_init                              - Undefined Weak Reference
    _handle_redirection                       - Undefined Weak Reference
    _init_alloc                               - Undefined Weak Reference
    _init_user_alloc                          - Undefined Weak Reference
    _initio                                   - Undefined Weak Reference
    _rand_init                                - Undefined Weak Reference
    _signal_finish                            - Undefined Weak Reference
    _signal_init                              - Undefined Weak Reference
    _terminate_alloc                          - Undefined Weak Reference
    _terminate_user_alloc                     - Undefined Weak Reference
    _terminateio                              - Undefined Weak Reference
    __Vectors_End                            0x000000c0   Data           0  startup_mkl26z4.o(RESET)
    __Vectors_Size                           0x000000c0   Number         0  startup_mkl26z4.o ABSOLUTE
    __main                                   0x000000c1   Thumb Code     8  __main.o(!!!main)
    __scatterload                            0x000000c9   Thumb Code     0  __scatter.o(!!!scatter)
    __scatterload_rt2                        0x000000c9   Thumb Code    52  __scatter.o(!!!scatter)
    __scatterload_rt2_thumb_only             0x000000c9   Thumb Code     0  __scatter.o(!!!scatter)
    __scatterload_null                       0x000000d9   Thumb Code     0  __scatter.o(!!!scatter)
    __scatterload_copy                       0x00000105   Thumb Code    26  __scatter_copy.o(!!handler_copy)
    __scatterload_zeroinit                   0x00000121   Thumb Code    28  __scatter_zi.o(!!handler_zi)
    __rt_lib_init                            0x0000013d   Thumb Code     0  libinit.o(.ARM.Collect$$libinit$$00000000)
    __rt_lib_init_alloca_1                   0x0000013f   Thumb Code     0  libinit2.o(.ARM.Collect$$libinit$$0000002E)
    __rt_lib_init_argv_1                     0x0000013f   Thumb Code     0  libinit2.o(.ARM.Collect$$libinit$$0000002C)
    __rt_lib_init_atexit_1                   0x0000013f   Thumb Code     0  libinit2.o(.ARM.Collect$$libinit$$0000001B)
    __rt_lib_init_clock_1                    0x0000013f   Thumb Code     0  libinit2.o(.ARM.Collect$$libinit$$00000021)
    __rt_lib_init_cpp_1                      0x0000013f   Thumb Code     0  libinit2.o(.ARM.Collect$$libinit$$00000032)
    __rt_lib_init_exceptions_1               0x0000013f   Thumb Code     0  libinit2.o(.ARM.Collect$$libinit$$00000030)
    __rt_lib_init_fp_1                       0x0000013f   Thumb Code     0  libinit2.o(.ARM.Collect$$libinit$$00000002)
    __rt_lib_init_fp_trap_1                  0x0000013f   Thumb Code     0  libinit2.o(.ARM.Collect$$libinit$$0000001F)
    __rt_lib_init_getenv_1                   0x0000013f   Thumb Code     0  libinit2.o(.ARM.Collect$$libinit$$00000023)
    __rt_lib_init_heap_1                     0x0000013f   Thumb Code     0  libinit2.o(.ARM.Collect$$libinit$$0000000A)
    __rt_lib_init_lc_collate_1               0x0000013f   Thumb Code     0  libinit2.o(.ARM.Collect$$libinit$$00000011)
    __rt_lib_init_lc_ctype_1                 0x0000013f   Thumb Code     0  libinit2.o(.ARM.Collect$$libinit$$00000013)
    __rt_lib_init_lc_monetary_1              0x0000013f   Thumb Code     0  libinit2.o(.ARM.Collect$$libinit$$00000015)
    __rt_lib_init_lc_numeric_1               0x0000013f   Thumb Code     0  libinit2.o(.ARM.Collect$$libinit$$00000017)
    __rt_lib_init_lc_time_1                  0x0000013f   Thumb Code     0  libinit2.o(.ARM.Collect$$libinit$$00000019)
    __rt_lib_init_preinit_1                  0x0000013f   Thumb Code     0  libinit2.o(.ARM.Collect$$libinit$$00000004)
    __rt_lib_init_rand_1                     0x0000013f   Thumb Code     0  libinit2.o(.ARM.Collect$$libinit$$0000000E)
    __rt_lib_init_return                     0x0000013f   Thumb Code     0  libinit2.o(.ARM.Collect$$libinit$$00000033)
    __rt_lib_init_signal_1                   0x0000013f   Thumb Code     0  libinit2.o(.ARM.Collect$$libinit$$0000001D)
    __rt_lib_init_stdio_1                    0x0000013f   Thumb Code     0  libinit2.o(.ARM.Collect$$libinit$$00000025)
    __rt_lib_init_user_alloc_1               0x0000013f   Thumb Code     0  libinit2.o(.ARM.Collect$$libinit$$0000000C)
    __rt_lib_shutdown                        0x00000141   Thumb Code     0  libshutdown.o(.ARM.Collect$$libshutdown$$00000000)
    __rt_lib_shutdown_fp_trap_1              0x00000143   Thumb Code     0  libshutdown2.o(.ARM.Collect$$libshutdown$$00000006)
    __rt_lib_shutdown_heap_1                 0x00000143   Thumb Code     0  libshutdown2.o(.ARM.Collect$$libshutdown$$0000000E)
    __rt_lib_shutdown_return                 0x00000143   Thumb Code     0  libshutdown2.o(.ARM.Collect$$libshutdown$$0000000F)
    __rt_lib_shutdown_signal_1               0x00000143   Thumb Code     0  libshutdown2.o(.ARM.Collect$$libshutdown$$00000009)
    __rt_lib_shutdown_stdio_1                0x00000143   Thumb Code     0  libshutdown2.o(.ARM.Collect$$libshutdown$$00000003)
    __rt_lib_shutdown_user_alloc_1           0x00000143   Thumb Code     0  libshutdown2.o(.ARM.Collect$$libshutdown$$0000000B)
    __rt_entry                               0x00000145   Thumb Code     0  __rtentry.o(.ARM.Collect$$rtentry$$00000000)
    __rt_entry_presh_1                       0x00000145   Thumb Code     0  __rtentry2.o(.ARM.Collect$$rtentry$$00000002)
    __rt_entry_sh                            0x00000145   Thumb Code     0  __rtentry4.o(.ARM.Collect$$rtentry$$00000004)
    __rt_entry_li                            0x0000014b   Thumb Code     0  __rtentry2.o(.ARM.Collect$$rtentry$$0000000A)
    __rt_entry_postsh_1                      0x0000014b   Thumb Code     0  __rtentry2.o(.ARM.Collect$$rtentry$$00000009)
    __rt_entry_postli_1                      0x0000014f   Thumb Code     0  __rtentry2.o(.ARM.Collect$$rtentry$$0000000B)
    __rt_entry_main                          0x00000157   Thumb Code     0  __rtentry2.o(.ARM.Collect$$rtentry$$0000000D)
    __rt_exit                                0x0000015f   Thumb Code     0  rtexit.o(.ARM.Collect$$rtexit$$00000000)
    __rt_exit_ls                             0x00000161   Thumb Code     0  rtexit2.o(.ARM.Collect$$rtexit$$00000003)
    __rt_exit_prels_1                        0x00000161   Thumb Code     0  rtexit2.o(.ARM.Collect$$rtexit$$00000002)
    __rt_exit_exit                           0x00000165   Thumb Code     0  rtexit2.o(.ARM.Collect$$rtexit$$00000004)
    _platform_post_lib_init                  0x0000016d   Thumb Code    24  rtx_conf_cm.o(.emb_text)
    rt_set_PSP                               0x00000189   Thumb Code     6  hal_cm0.o(.emb_text)
    rt_get_PSP                               0x0000018f   Thumb Code     6  hal_cm0.o(.emb_text)
    os_set_env                               0x00000195   Thumb Code    32  hal_cm0.o(.emb_text)
    _alloc_box                               0x000001b9   Thumb Code    28  hal_cm0.o(.emb_text)
    _free_box                                0x000001d9   Thumb Code    28  hal_cm0.o(.emb_text)
    SVC_Handler                              0x000001f9   Thumb Code   136  hal_cm0.o(.emb_text)
    PendSV_Handler                           0x0000028d   Thumb Code    72  hal_cm0.o(.emb_text)
    SysTick_Handler                          0x000002d9   Thumb Code     8  hal_cm0.o(.emb_text)
    OS_Tick_Handler                          0x000002e1   Thumb Code    12  hal_cm0.o(.emb_text)
    Reset_Handler                            0x000002ed   Thumb Code     8  startup_mkl26z4.o(.text)
    NMI_Handler                              0x000002f5   Thumb Code     2  startup_mkl26z4.o(.text)
    HardFault_Handler                        0x000002f7   Thumb Code     2  startup_mkl26z4.o(.text)
    ADC0_IRQHandler                          0x000002ff   Thumb Code     0  startup_mkl26z4.o(.text)
    CMP0_IRQHandler                          0x000002ff   Thumb Code     0  startup_mkl26z4.o(.text)
    DAC0_IRQHandler                          0x000002ff   Thumb Code     0  startup_mkl26z4.o(.text)
    DMA0_IRQHandler                          0x000002ff   Thumb Code     0  startup_mkl26z4.o(.text)
    DMA1_IRQHandler                          0x000002ff   Thumb Code     0  startup_mkl26z4.o(.text)
    DMA2_IRQHandler                          0x000002ff   Thumb Code     0  startup_mkl26z4.o(.text)
    DMA3_IRQHandler                          0x000002ff   Thumb Code     0  startup_mkl26z4.o(.text)
    DefaultISR                               0x000002ff   Thumb Code     0  startup_mkl26z4.o(.text)
    FTFA_IRQHandler                          0x000002ff   Thumb Code     0  startup_mkl26z4.o(.text)
    I2C0_IRQHandler                          0x000002ff   Thumb Code     0  startup_mkl26z4.o(.text)
    I2C1_IRQHandler                          0x000002ff   Thumb Code     0  startup_mkl26z4.o(.text)
    I2S0_IRQHandler                          0x000002ff   Thumb Code     0  startup_mkl26z4.o(.text)
    LLW_IRQHandler                           0x000002ff   Thumb Code     0  startup_mkl26z4.o(.text)
    LPTimer_IRQHandler                       0x000002ff   Thumb Code     0  startup_mkl26z4.o(.text)
    LVD_LVW_IRQHandler                       0x000002ff   Thumb Code     0  startup_mkl26z4.o(.text)
    MCG_IRQHandler                           0x000002ff   Thumb Code     0  startup_mkl26z4.o(.text)
    PIT_IRQHandler                           0x000002ff   Thumb Code     0  startup_mkl26z4.o(.text)
    PORTA_IRQHandler                         0x000002ff   Thumb Code     0  startup_mkl26z4.o(.text)
    PORTC_PORTD_IRQHandler                   0x000002ff   Thumb Code     0  startup_mkl26z4.o(.text)
    RTC_IRQHandler                           0x000002ff   Thumb Code     0  startup_mkl26z4.o(.text)
    RTC_Seconds_IRQHandler                   0x000002ff   Thumb Code     0  startup_mkl26z4.o(.text)
    Reserved20_IRQHandler                    0x000002ff   Thumb Code     0  startup_mkl26z4.o(.text)
    Reserved45_IRQHandler                    0x000002ff   Thumb Code     0  startup_mkl26z4.o(.text)
    SPI0_IRQHandler                          0x000002ff   Thumb Code     0  startup_mkl26z4.o(.text)
    SPI1_IRQHandler                          0x000002ff   Thumb Code     0  startup_mkl26z4.o(.text)
    TPM0_IRQHandler                          0x000002ff   Thumb Code     0  startup_mkl26z4.o(.text)
    TPM1_IRQHandler                          0x000002ff   Thumb Code     0  startup_mkl26z4.o(.text)
    TPM2_IRQHandler                          0x000002ff   Thumb Code     0  startup_mkl26z4.o(.text)
    TSI0_IRQHandler                          0x000002ff   Thumb Code     0  startup_mkl26z4.o(.text)
    UART0_IRQHandler                         0x000002ff   Thumb Code     0  startup_mkl26z4.o(.text)
    UART1_IRQHandler                         0x000002ff   Thumb Code     0  startup_mkl26z4.o(.text)
    UART2_IRQHandler                         0x000002ff   Thumb Code     0  startup_mkl26z4.o(.text)
    USB0_IRQHandler                          0x000002ff   Thumb Code     0  startup_mkl26z4.o(.text)
    __user_initial_stackheap                 0x00000301   Thumb Code     0  startup_mkl26z4.o(.text)
    __user_libspace                          0x00000321   Thumb Code     8  libspace.o(.text)
    __user_perproc_libspace                  0x00000321   Thumb Code     0  libspace.o(.text)
    exit                                     0x00000329   Thumb Code    12  exit.o(.text)
    __use_two_region_memory                  0x00000335   Thumb Code     2  heapauxi.o(.text)
    __rt_heap_escrow$2region                 0x00000337   Thumb Code     2  heapauxi.o(.text)
    __rt_heap_expand$2region                 0x00000339   Thumb Code     2  heapauxi.o(.text)
    _sys_exit                                0x0000033d   Thumb Code     8  sys_exit.o(.text)
    __user_setup_stackheap                   0x00000349   Thumb Code    62  sys_stackheap_outer.o(.text)
    __I$use$semihosting                      0x00000387   Thumb Code     0  use_no_semi.o(.text)
    __use_no_semihosting_swi                 0x00000387   Thumb Code     2  use_no_semi.o(.text)
    SVC_Count                                0x00000388   Data           4  svc_table.o(SVC_TABLE)
    __semihosting_library_function           0x00000389   Thumb Code     0  indicate_semi.o(.text)
    SVC_Table                                0x0000038c   Data           0  svc_table.o(SVC_TABLE)
    __ARM_common_switch8                     0x0000038d   Thumb Code    28  system_mkl26z4.o(i.__ARM_common_switch8)
    _init_box                                0x000003a9   Thumb Code    72  rt_membox.o(i._init_box)
    isr_mbx_send                             0x000003f1   Thumb Code    12  rt_mailbox.o(i.isr_mbx_send)
    os_idle_demon                            0x000003fd   Thumb Code     4  rtx_conf_cm.o(i.os_idle_demon)
    __aeabi_uidiv                            0x00000411   Thumb Code     0  aeabi_sdiv.o(.text)
    __aeabi_uidivmod                         0x00000411   Thumb Code    20  aeabi_sdiv.o(.text)
    __aeabi_idiv                             0x00000425   Thumb Code     0  aeabi_sdiv.o(.text)
    __aeabi_idivmod                          0x00000425   Thumb Code   326  aeabi_sdiv.o(.text)
    __RL_RTX_VER                             0x00000478   Number         0  rt_system.o ABSOLUTE
    SystemCoreClockUpdate                    0x0000056d   Thumb Code   320  system_mkl26z4.o(i.SystemCoreClockUpdate)
    SystemInit                               0x000006c9   Thumb Code   180  system_mkl26z4.o(i.SystemInit)
    _mutex_acquire                           0x00000799   Thumb Code    22  rtx_conf_cm.o(i._mutex_acquire)
    _mutex_release                           0x000007bd   Thumb Code    20  rtx_conf_cm.o(i._mutex_release)
    isrMessageGet                            0x000007d9   Thumb Code    46  rt_cmsis.o(i.isrMessageGet)
    isrMessagePut                            0x00000807   Thumb Code    48  rt_cmsis.o(i.isrMessagePut)
    isr_mbx_receive                          0x00000837   Thumb Code    70  rt_mailbox.o(i.isr_mbx_receive)
    main                                     0x0000087d   Thumb Code   158  main.o(i.main)
    osKernelInitialize                       0x00000931   Thumb Code    36  rt_cmsis.o(i.osKernelInitialize)
    osKernelStart                            0x00000959   Thumb Code   100  rt_cmsis.o(i.osKernelStart)
    osMessageGet                             0x000009c5   Thumb Code    24  rt_cmsis.o(i.osMessageGet)
    osThreadCreate                           0x000009e1   Thumb Code    44  rt_cmsis.o(i.osThreadCreate)
    osThreadExit                             0x00000a15   Thumb Code    14  rt_cmsis.o(i.osThreadExit)
    osTimerCall                              0x00000a2d   Thumb Code    10  rt_cmsis.o(i.osTimerCall)
    osTimerThread                            0x00000a3d   Thumb Code    38  rt_cmsis.o(i.osTimerThread)
    os_error                                 0x00000a69   Thumb Code    32  rtx_conf_cm.o(i.os_error)
    os_tick_init                             0x00000a89   Thumb Code    32  rt_system.o(i.os_tick_init)
    os_tick_irqack                           0x00000ab5   Thumb Code     2  rt_system.o(i.os_tick_irqack)
    rt_alloc_box                             0x00000ab7   Thumb Code    30  rt_membox.o(i.rt_alloc_box)
    rt_alloc_mem                             0x00000ad5   Thumb Code    66  rt_memory.o(i.rt_alloc_mem)
    rt_block                                 0x00000b19   Thumb Code    42  rt_task.o(i.rt_block)
    rt_chk_robin                             0x00000b51   Thumb Code    56  rt_robin.o(i.rt_chk_robin)
    rt_dec_dly                               0x00000b95   Thumb Code   108  rt_list.o(i.rt_dec_dly)
    rt_dispatch                              0x00000c09   Thumb Code    56  rt_task.o(i.rt_dispatch)
    rt_evt_psh                               0x00000c49   Thumb Code    74  rt_event.o(i.rt_evt_psh)
    rt_free_box                              0x00000c99   Thumb Code    38  rt_membox.o(i.rt_free_box)
    rt_free_mem                              0x00000cbf   Thumb Code    48  rt_memory.o(i.rt_free_mem)
    rt_get_first                             0x00000cef   Thumb Code    42  rt_list.o(i.rt_get_first)
    rt_init_mem                              0x00000d69   Thumb Code    28  rt_memory.o(i.rt_init_mem)
    rt_init_robin                            0x00000d85   Thumb Code    14  rt_robin.o(i.rt_init_robin)
    rt_init_stack                            0x00000d9d   Thumb Code   106  hal_cm.o(i.rt_init_stack)
    rt_mbx_check                             0x00000e15   Thumb Code     8  rt_mailbox.o(i.rt_mbx_check)
    rt_mbx_init                              0x00000e1d   Thumb Code    30  rt_mailbox.o(i.rt_mbx_init)
    rt_mbx_psh                               0x00000e41   Thumb Code   204  rt_mailbox.o(i.rt_mbx_psh)
    rt_mbx_wait                              0x00000f11   Thumb Code   170  rt_mailbox.o(i.rt_mbx_wait)
    rt_mut_release                           0x00000ffd   Thumb Code   206  rt_mutex.o(i.rt_mut_release)
    rt_mut_wait                              0x000010d5   Thumb Code   106  rt_mutex.o(i.rt_mut_wait)
    rt_pop_req                               0x00001145   Thumb Code   100  rt_system.o(i.rt_pop_req)
    rt_psh_req                               0x000011b5   Thumb Code    24  rt_system.o(i.rt_psh_req)
    rt_psq_enq                               0x000011d5   Thumb Code    60  rt_list.o(i.rt_psq_enq)
    rt_put_dly                               0x00001215   Thumb Code    74  rt_list.o(i.rt_put_dly)
    rt_put_prio                              0x00001265   Thumb Code    60  rt_list.o(i.rt_put_prio)
    rt_put_rdy_first                         0x000012a1   Thumb Code    14  rt_list.o(i.rt_put_rdy_first)
    rt_resort_prio                           0x000012b5   Thumb Code    44  rt_list.o(i.rt_resort_prio)
    rt_ret_val                               0x000012e5   Thumb Code     6  hal_cm.o(i.rt_ret_val)
    rt_ret_val2                              0x000012eb   Thumb Code     8  hal_cm.o(i.rt_ret_val2)
    rt_rmv_dly                               0x000012f3   Thumb Code    42  rt_list.o(i.rt_rmv_dly)
    rt_rmv_list                              0x0000131d   Thumb Code    46  rt_list.o(i.rt_rmv_list)
    rt_sem_psh                               0x00001351   Thumb Code    48  rt_semaphore.o(i.rt_sem_psh)
    rt_stk_check                             0x00001385   Thumb Code    30  rt_system.o(i.rt_stk_check)
    rt_switch_req                            0x000013ad   Thumb Code    10  rt_task.o(i.rt_switch_req)
    rt_sys_init                              0x000013bd   Thumb Code   134  rt_task.o(i.rt_sys_init)
    rt_sys_start                             0x00001485   Thumb Code    82  rt_task.o(i.rt_sys_start)
    rt_systick                               0x000014e9   Thumb Code    48  rt_system.o(i.rt_systick)
    rt_tsk_create                            0x00001571   Thumb Code   100  rt_task.o(i.rt_tsk_create)
    rt_tsk_delete                            0x000015e1   Thumb Code   290  rt_task.o(i.rt_tsk_delete)
    rt_tsk_prio                              0x0000171d   Thumb Code   112  rt_task.o(i.rt_tsk_prio)
    rt_tsk_self                              0x0000179d   Thumb Code    12  rt_task.o(i.rt_tsk_self)
    svcKernelInitialize                      0x000017ad   Thumb Code    86  rt_cmsis.o(i.svcKernelInitialize)
    svcKernelStart                           0x00001825   Thumb Code    66  rt_cmsis.o(i.svcKernelStart)
    svcMessageCreate                         0x00001871   Thumb Code    42  rt_cmsis.o(i.svcMessageCreate)
    svcMessageGet                            0x0000189b   Thumb Code    60  rt_cmsis.o(i.svcMessageGet)
    svcThreadCreate                          0x000018d9   Thumb Code   106  rt_cmsis.o(i.svcThreadCreate)
    svcThreadGetId                           0x00001951   Thumb Code    22  rt_cmsis.o(i.svcThreadGetId)
    svcThreadTerminate                       0x0000196d   Thumb Code    56  rt_cmsis.o(i.svcThreadTerminate)
    svcTimerCall                             0x000019a9   Thumb Code    28  rt_cmsis.o(i.svcTimerCall)
    sysTimerTick                             0x000019c5   Thumb Code    78  rt_cmsis.o(i.sysTimerTick)
    os_maxtaskrun                            0x00001a1c   Data           2  rtx_conf_cm.o(.constdata)
    os_stackinfo                             0x00001a20   Data           4  rtx_conf_cm.o(.constdata)
    os_rrobin                                0x00001a24   Data           4  rtx_conf_cm.o(.constdata)
    os_tickfreq                              0x00001a28   Data           4  rtx_conf_cm.o(.constdata)
    os_tickus_i                              0x00001a2c   Data           2  rtx_conf_cm.o(.constdata)
    os_tickus_f                              0x00001a2e   Data           2  rtx_conf_cm.o(.constdata)
    os_trv                                   0x00001a30   Data           4  rtx_conf_cm.o(.constdata)
    os_flags                                 0x00001a34   Data           1  rtx_conf_cm.o(.constdata)
    CMSIS_RTOS_API_Version                   0x00001a38   Data           4  rtx_conf_cm.o(.constdata)
    CMSIS_RTOS_RTX_Version                   0x00001a3c   Data           4  rtx_conf_cm.o(.constdata)
    os_clockrate                             0x00001a40   Data           4  rtx_conf_cm.o(.constdata)
    os_timernum                              0x00001a44   Data           4  rtx_conf_cm.o(.constdata)
    mp_tcb_size                              0x00001a48   Data           2  rtx_conf_cm.o(.constdata)
    mp_stk_size                              0x00001a4c   Data           4  rtx_conf_cm.o(.constdata)
    os_stack_sz                              0x00001a50   Data           4  rtx_conf_cm.o(.constdata)
    os_fifo_size                             0x00001a54   Data           1  rtx_conf_cm.o(.constdata)
    os_thread_def_osTimerThread              0x00001a58   Data          16  rtx_conf_cm.o(.constdata)
    os_messageQ_def_osTimerMessageQ          0x00001a68   Data           8  rtx_conf_cm.o(.constdata)
    mp_tmr_size                              0x00001a70   Data           2  rtx_conf_cm.o(.constdata)
    Region$$Table$$Base                      0x00001a74   Number         0  anon$$obj.o(Region$$Table)
    Region$$Table$$Limit                     0x00001a94   Number         0  anon$$obj.o(Region$$Table)
    osThreadId_osTimerThread                 0x1ffff000   Data           4  rtx_conf_cm.o(.data)
    osMessageQId_osTimerMessageQ             0x1ffff004   Data           4  rtx_conf_cm.o(.data)
    os_tmr                                   0x1ffff008   Data           4  rtx_conf_cm.o(.data)
    m_tmr                                    0x1ffff00c   Data           4  rtx_conf_cm.o(.data)
    os_thread_def_main                       0x1ffff014   Data          16  rtx_conf_cm.o(.data)
    SystemCoreClock                          0x1ffff024   Data           4  system_mkl26z4.o(.data)
    os_initialized                           0x1ffff028   Data           1  rt_cmsis.o(.data)
    os_running                               0x1ffff029   Data           1  rt_cmsis.o(.data)
    os_timer_head                            0x1ffff02c   Data           4  rt_cmsis.o(.data)
    os_tsk                                   0x1ffff030   Data           8  rt_task.o(.data)
    os_tick_irqn                             0x1ffff03c   Data           4  rt_system.o(.data)
    os_time                                  0x1ffff040   Data           4  rt_time.o(.data)
    os_robin                                 0x1ffff044   Data           8  rt_robin.o(.data)
    mp_tcb                                   0x1ffff050   Data         376  rtx_conf_cm.o(.bss)
    mp_stk                                   0x1ffff1c8   Data        1216  rtx_conf_cm.o(.bss)
    os_stack_mem                             0x1ffff688   Data         432  rtx_conf_cm.o(.bss)
    os_fifo                                  0x1ffff838   Data         132  rtx_conf_cm.o(.bss)
    os_active_TCB                            0x1ffff8bc   Data          28  rtx_conf_cm.o(.bss)
    os_messageQ_q_osTimerMessageQ            0x1ffff8d8   Data          32  rtx_conf_cm.o(.bss)
    os_idle_TCB                              0x1ffffc18   Data          52  rt_task.o(.bss)
    os_rdy                                   0x1ffffc4c   Data          24  rt_list.o(.bss)
    os_dly                                   0x1ffffc64   Data          24  rt_list.o(.bss)
    __libspace_start                         0x1ffffc7c   Data          96  libspace.o(.bss)
    __temporary_stack_top$libspace           0x1ffffcdc   Data           0  libspace.o(.bss)



==============================================================================

Memory Map of the image

  Image Entry point : 0x000002ed

  Load Region LR_1 (Base: 0x00000000, Size: 0x00001ae0, Max: 0xffffffff, ABSOLUTE)

    Execution Region ER_RO (Base: 0x00000000, Size: 0x00001a94, Max: 0xffffffff, ABSOLUTE)

    Base Addr    Size         Type   Attr      Idx    E Section Name        Object

    0x00000000   0x000000c0   Data   RO          106    RESET               startup_mkl26z4.o
    0x000000c0   0x00000008   Code   RO         1347  * !!!main             c_p.l(__main.o)
    0x000000c8   0x0000003c   Code   RO         1513    !!!scatter          c_p.l(__scatter.o)
    0x00000104   0x0000001a   Code   RO         1515    !!handler_copy      c_p.l(__scatter_copy.o)
    0x0000011e   0x00000002   PAD
    0x00000120   0x0000001c   Code   RO         1517    !!handler_zi        c_p.l(__scatter_zi.o)
    0x0000013c   0x00000002   Code   RO         1399    .ARM.Collect$$libinit$$00000000  c_p.l(libinit.o)
    0x0000013e   0x00000000   Code   RO         1412    .ARM.Collect$$libinit$$00000002  c_p.l(libinit2.o)
    0x0000013e   0x00000000   Code   RO         1414    .ARM.Collect$$libinit$$00000004  c_p.l(libinit2.o)
    0x0000013e   0x00000000   Code   RO         1417    .ARM.Collect$$libinit$$0000000A  c_p.l(libinit2.o)
    0x0000013e   0x00000000   Code   RO         1419    .ARM.Collect$$libinit$$0000000C  c_p.l(libinit2.o)
    0x0000013e   0x00000000   Code   RO         1421    .ARM.Collect$$libinit$$0000000E  c_p.l(libinit2.o)
    0x0000013e   0x00000000   Code   RO         1424    .ARM.Collect$$libinit$$00000011  c_p.l(libinit2.o)
    0x0000013e   0x00000000   Code   RO         1426    .ARM.Collect$$libinit$$00000013  c_p.l(libinit2.o)
    0x0000013e   0x00000000   Code   RO         1428    .ARM.Collect$$libinit$$00000015  c_p.l(libinit2.o)
    0x0000013e   0x00000000   Code   RO         1430    .ARM.Collect$$libinit$$00000017  c_p.l(libinit2.o)
    0x0000013e   0x00000000   Code   RO         1432    .ARM.Collect$$libinit$$00000019  c_p.l(libinit2.o)
    0x0000013e   0x00000000   Code   RO         1434    .ARM.Collect$$libinit$$0000001B  c_p.l(libinit2.o)
    0x0000013e   0x00000000   Code   RO         1436    .ARM.Collect$$libinit$$0000001D  c_p.l(libinit2.o)
    0x0000013e   0x00000000   Code   RO         1438    .ARM.Collect$$libinit$$0000001F  c_p.l(libinit2.o)
    0x0000013e   0x00000000   Code   RO         1440    .ARM.Collect$$libinit$$00000021  c_p.l(libinit2.o)
    0x0000013e   0x00000000   Code   RO         1442    .ARM.Collect$$libinit$$00000023  c_p.l(libinit2.o)
    0x0000013e   0x00000000   Code   RO         1444    .ARM.Collect$$libinit$$00000025  c_p.l(libinit2.o)
    0x0000013e   0x00000000   Code   RO         1448    .ARM.Collect$$libinit$$0000002C  c_p.l(libinit2.o)
    0x0000013e   0x00000000   Code   RO         1450    .ARM.Collect$$libinit$$0000002E  c_p.l(libinit2.o)
    0x0000013e   0x00000000   Code   RO         1452    .ARM.Collect$$libinit$$00000030  c_p.l(libinit2.o)
    0x0000013e   0x00000000   Code   RO         1454    .ARM.Collect$$libinit$$00000032  c_p.l(libinit2.o)
    0x0000013e   0x00000002   Code   RO         1455    .ARM.Collect$$libinit$$00000033  c_p.l(libinit2.o)
    0x00000140   0x00000002   Code   RO         1400    .ARM.Collect$$libshutdown$$00000000  c_p.l(libshutdown.o)
    0x00000142   0x00000000   Code   RO         1458    .ARM.Collect$$libshutdown$$00000003  c_p.l(libshutdown2.o)
    0x00000142   0x00000000   Code   RO         1461    .ARM.Collect$$libshutdown$$00000006  c_p.l(libshutdown2.o)
    0x00000142   0x00000000   Code   RO         1464    .ARM.Collect$$libshutdown$$00000009  c_p.l(libshutdown2.o)
    0x00000142   0x00000000   Code   RO         1466    .ARM.Collect$$libshutdown$$0000000B  c_p.l(libshutdown2.o)
    0x00000142   0x00000000   Code   RO         1469    .ARM.Collect$$libshutdown$$0000000E  c_p.l(libshutdown2.o)
    0x00000142   0x00000002   Code   RO         1470    .ARM.Collect$$libshutdown$$0000000F  c_p.l(libshutdown2.o)
    0x00000144   0x00000000   Code   RO         1349    .ARM.Collect$$rtentry$$00000000  c_p.l(__rtentry.o)
    0x00000144   0x00000000   Code   RO         1361    .ARM.Collect$$rtentry$$00000002  c_p.l(__rtentry2.o)
    0x00000144   0x00000006   Code   RO         1373    .ARM.Collect$$rtentry$$00000004  c_p.l(__rtentry4.o)
    0x0000014a   0x00000000   Code   RO         1363    .ARM.Collect$$rtentry$$00000009  c_p.l(__rtentry2.o)
    0x0000014a   0x00000004   Code   RO         1364    .ARM.Collect$$rtentry$$0000000A  c_p.l(__rtentry2.o)
    0x0000014e   0x00000008   Code   RO         1365    .ARM.Collect$$rtentry$$0000000B  c_p.l(__rtentry2.o)
    0x00000156   0x00000008   Code   RO         1367    .ARM.Collect$$rtentry$$0000000D  c_p.l(__rtentry2.o)
    0x0000015e   0x00000002   Code   RO         1350    .ARM.Collect$$rtexit$$00000000  c_p.l(rtexit.o)
    0x00000160   0x00000000   Code   RO         1376    .ARM.Collect$$rtexit$$00000002  c_p.l(rtexit2.o)
    0x00000160   0x00000004   Code   RO         1377    .ARM.Collect$$rtexit$$00000003  c_p.l(rtexit2.o)
    0x00000164   0x00000006   Code   RO         1378    .ARM.Collect$$rtexit$$00000004  c_p.l(rtexit2.o)
    0x0000016a   0x00000002   PAD
    0x0000016c   0x0000001c   Code   RO           43    .emb_text           rtx_conf_cm.o
    0x00000188   0x00000164   Code   RO         1319    .emb_text           RTX_CM0.lib(hal_cm0.o)
    0x000002ec   0x00000034   Code   RO          108  * .text               startup_mkl26z4.o
    0x00000320   0x00000008   Code   RO         1334    .text               c_p.l(libspace.o)
    0x00000328   0x0000000c   Code   RO         1339    .text               c_p.l(exit.o)
    0x00000334   0x00000006   Code   RO         1345    .text               c_p.l(heapauxi.o)
    0x0000033a   0x00000002   PAD
    0x0000033c   0x0000000c   Code   RO         1384    .text               c_p.l(sys_exit.o)
    0x00000348   0x0000003e   Code   RO         1386    .text               c_p.l(sys_stackheap_outer.o)
    0x00000386   0x00000002   Code   RO         1401    .text               c_p.l(use_no_semi.o)
    0x00000388   0x00000000   Code   RO         1403    .text               c_p.l(indicate_semi.o)
    0x00000388   0x00000004   Code   RO         1329    SVC_TABLE           RTX_CM0.lib(svc_table.o)
    0x0000038c   0x0000001c   Code   RO          140    i.__ARM_common_switch8  system_mkl26z4.o
    0x000003a8   0x00000048   Code   RO         1242    i._init_box         RTX_CM0.lib(rt_membox.o)
    0x000003f0   0x0000000c   Code   RO         1098    i.isr_mbx_send      RTX_CM0.lib(rt_mailbox.o)
    0x000003fc   0x00000004   Code   RO           49    i.os_idle_demon     rtx_conf_cm.o
    0x00000400   0x00000010   Code   RO          107    .ARM.__at_0x400     startup_mkl26z4.o
    0x00000410   0x0000015a   Code   RO         1341    .text               c_p.l(aeabi_sdiv.o)
    0x0000056a   0x00000002   PAD
    0x0000056c   0x0000015c   Code   RO          116    i.SystemCoreClockUpdate  system_mkl26z4.o
    0x000006c8   0x000000d0   Code   RO          117    i.SystemInit        system_mkl26z4.o
    0x00000798   0x00000024   Code   RO           45    i._mutex_acquire    rtx_conf_cm.o
    0x000007bc   0x0000001c   Code   RO           47    i._mutex_release    rtx_conf_cm.o
    0x000007d8   0x0000002e   Code   RO          156    i.isrMessageGet     RTX_CM0.lib(rt_cmsis.o)
    0x00000806   0x00000030   Code   RO          157    i.isrMessagePut     RTX_CM0.lib(rt_cmsis.o)
    0x00000836   0x00000046   Code   RO         1097    i.isr_mbx_receive   RTX_CM0.lib(rt_mailbox.o)
    0x0000087c   0x000000b4   Code   RO            3    i.main              main.o
    0x00000930   0x00000028   Code   RO          161    i.osKernelInitialize  RTX_CM0.lib(rt_cmsis.o)
    0x00000958   0x0000006c   Code   RO          163    i.osKernelStart     RTX_CM0.lib(rt_cmsis.o)
    0x000009c4   0x0000001c   Code   RO          172    i.osMessageGet      RTX_CM0.lib(rt_cmsis.o)
    0x000009e0   0x00000034   Code   RO          189    i.osThreadCreate    RTX_CM0.lib(rt_cmsis.o)
    0x00000a14   0x00000018   Code   RO          190    i.osThreadExit      RTX_CM0.lib(rt_cmsis.o)
    0x00000a2c   0x00000010   Code   RO          196    i.osTimerCall       RTX_CM0.lib(rt_cmsis.o)
    0x00000a3c   0x0000002c   Code   RO          201    i.osTimerThread     RTX_CM0.lib(rt_cmsis.o)
    0x00000a68   0x00000020   Code   RO           48    i.os_error          rtx_conf_cm.o
    0x00000a88   0x0000002c   Code   RO          889    i.os_tick_init      RTX_CM0.lib(rt_system.o)
    0x00000ab4   0x00000002   Code   RO          890    i.os_tick_irqack    RTX_CM0.lib(rt_system.o)
    0x00000ab6   0x0000001e   Code   RO         1243    i.rt_alloc_box      RTX_CM0.lib(rt_membox.o)
    0x00000ad4   0x00000042   Code   RO         1271    i.rt_alloc_mem      RTX_CM0.lib(rt_memory.o)
    0x00000b16   0x00000002   PAD
    0x00000b18   0x00000038   Code   RO          774    i.rt_block          RTX_CM0.lib(rt_task.o)
    0x00000b50   0x00000044   Code   RO         1220    i.rt_chk_robin      RTX_CM0.lib(rt_robin.o)
    0x00000b94   0x00000074   Code   RO         1021    i.rt_dec_dly        RTX_CM0.lib(rt_list.o)
    0x00000c08   0x00000040   Code   RO          775    i.rt_dispatch       RTX_CM0.lib(rt_task.o)
    0x00000c48   0x00000050   Code   RO          982    i.rt_evt_psh        RTX_CM0.lib(rt_event.o)
    0x00000c98   0x00000026   Code   RO         1244    i.rt_free_box       RTX_CM0.lib(rt_membox.o)
    0x00000cbe   0x00000030   Code   RO         1272    i.rt_free_mem       RTX_CM0.lib(rt_memory.o)
    0x00000cee   0x0000002a   Code   RO         1022    i.rt_get_first      RTX_CM0.lib(rt_list.o)
    0x00000d18   0x00000008   Code   RO          206    i.rt_id2obj         RTX_CM0.lib(rt_cmsis.o)
    0x00000d20   0x00000048   Code   RO          776    i.rt_init_context   RTX_CM0.lib(rt_task.o)
    0x00000d68   0x0000001c   Code   RO         1273    i.rt_init_mem       RTX_CM0.lib(rt_memory.o)
    0x00000d84   0x00000018   Code   RO         1221    i.rt_init_robin     RTX_CM0.lib(rt_robin.o)
    0x00000d9c   0x00000078   Code   RO         1295    i.rt_init_stack     RTX_CM0.lib(hal_cm.o)
    0x00000e14   0x00000008   Code   RO         1099    i.rt_mbx_check      RTX_CM0.lib(rt_mailbox.o)
    0x00000e1c   0x00000024   Code   RO         1100    i.rt_mbx_init       RTX_CM0.lib(rt_mailbox.o)
    0x00000e40   0x000000d0   Code   RO         1101    i.rt_mbx_psh        RTX_CM0.lib(rt_mailbox.o)
    0x00000f10   0x000000b0   Code   RO         1103    i.rt_mbx_wait       RTX_CM0.lib(rt_mailbox.o)
    0x00000fc0   0x0000003c   Code   RO          207    i.rt_ms2tick        RTX_CM0.lib(rt_cmsis.o)
    0x00000ffc   0x000000d8   Code   RO          860    i.rt_mut_release    RTX_CM0.lib(rt_mutex.o)
    0x000010d4   0x00000070   Code   RO          861    i.rt_mut_wait       RTX_CM0.lib(rt_mutex.o)
    0x00001144   0x00000070   Code   RO          893    i.rt_pop_req        RTX_CM0.lib(rt_system.o)
    0x000011b4   0x00000020   Code   RO          894    i.rt_psh_req        RTX_CM0.lib(rt_system.o)
    0x000011d4   0x00000040   Code   RO         1024    i.rt_psq_enq        RTX_CM0.lib(rt_list.o)
    0x00001214   0x00000050   Code   RO         1025    i.rt_put_dly        RTX_CM0.lib(rt_list.o)
    0x00001264   0x0000003c   Code   RO         1026    i.rt_put_prio       RTX_CM0.lib(rt_list.o)
    0x000012a0   0x00000014   Code   RO         1027    i.rt_put_rdy_first  RTX_CM0.lib(rt_list.o)
    0x000012b4   0x00000030   Code   RO         1028    i.rt_resort_prio    RTX_CM0.lib(rt_list.o)
    0x000012e4   0x00000006   Code   RO         1296    i.rt_ret_val        RTX_CM0.lib(hal_cm.o)
    0x000012ea   0x00000008   Code   RO         1297    i.rt_ret_val2       RTX_CM0.lib(hal_cm.o)
    0x000012f2   0x0000002a   Code   RO         1029    i.rt_rmv_dly        RTX_CM0.lib(rt_list.o)
    0x0000131c   0x00000034   Code   RO         1030    i.rt_rmv_list       RTX_CM0.lib(rt_list.o)
    0x00001350   0x00000034   Code   RO         1148    i.rt_sem_psh        RTX_CM0.lib(rt_semaphore.o)
    0x00001384   0x00000028   Code   RO          896    i.rt_stk_check      RTX_CM0.lib(rt_system.o)
    0x000013ac   0x00000010   Code   RO          777    i.rt_switch_req     RTX_CM0.lib(rt_task.o)
    0x000013bc   0x000000c8   Code   RO          778    i.rt_sys_init       RTX_CM0.lib(rt_task.o)
    0x00001484   0x00000064   Code   RO          779    i.rt_sys_start      RTX_CM0.lib(rt_task.o)
    0x000014e8   0x0000003c   Code   RO          898    i.rt_systick        RTX_CM0.lib(rt_system.o)
    0x00001524   0x00000012   Code   RO          208    i.rt_tid2ptcb       RTX_CM0.lib(rt_cmsis.o)
    0x00001536   0x00000002   PAD
    0x00001538   0x00000038   Code   RO          209    i.rt_timer_insert   RTX_CM0.lib(rt_cmsis.o)
    0x00001570   0x00000070   Code   RO          780    i.rt_tsk_create     RTX_CM0.lib(rt_task.o)
    0x000015e0   0x0000013c   Code   RO          781    i.rt_tsk_delete     RTX_CM0.lib(rt_task.o)
    0x0000171c   0x00000080   Code   RO          783    i.rt_tsk_prio       RTX_CM0.lib(rt_task.o)
    0x0000179c   0x00000010   Code   RO          784    i.rt_tsk_self       RTX_CM0.lib(rt_task.o)
    0x000017ac   0x00000078   Code   RO          212    i.svcKernelInitialize  RTX_CM0.lib(rt_cmsis.o)
    0x00001824   0x0000004c   Code   RO          214    i.svcKernelStart    RTX_CM0.lib(rt_cmsis.o)
    0x00001870   0x0000002a   Code   RO          217    i.svcMessageCreate  RTX_CM0.lib(rt_cmsis.o)
    0x0000189a   0x0000003c   Code   RO          218    i.svcMessageGet     RTX_CM0.lib(rt_cmsis.o)
    0x000018d6   0x00000002   PAD
    0x000018d8   0x00000078   Code   RO          232    i.svcThreadCreate   RTX_CM0.lib(rt_cmsis.o)
    0x00001950   0x0000001c   Code   RO          233    i.svcThreadGetId    RTX_CM0.lib(rt_cmsis.o)
    0x0000196c   0x0000003c   Code   RO          236    i.svcThreadTerminate  RTX_CM0.lib(rt_cmsis.o)
    0x000019a8   0x0000001c   Code   RO          238    i.svcTimerCall      RTX_CM0.lib(rt_cmsis.o)
    0x000019c4   0x00000058   Code   RO          247    i.sysTimerTick      RTX_CM0.lib(rt_cmsis.o)
    0x00001a1c   0x00000056   Data   RO           51    .constdata          rtx_conf_cm.o
    0x00001a72   0x00000002   PAD
    0x00001a74   0x00000020   Data   RO         1511    Region$$Table       anon$$obj.o


    Execution Region ER_RW (Base: 0x1ffff000, Size: 0x0000004c, Max: 0xffffffff, ABSOLUTE)

    Base Addr    Size         Type   Attr      Idx    E Section Name        Object

    0x1ffff000   0x00000024   Data   RW           52    .data               rtx_conf_cm.o
    0x1ffff024   0x00000004   Data   RW          118    .data               system_mkl26z4.o
    0x1ffff028   0x00000008   Data   RW          250    .data               RTX_CM0.lib(rt_cmsis.o)
    0x1ffff030   0x00000008   Data   RW          786    .data               RTX_CM0.lib(rt_task.o)
    0x1ffff038   0x00000008   Data   RW          901    .data               RTX_CM0.lib(rt_system.o)
    0x1ffff040   0x00000004   Data   RW         1191    .data               RTX_CM0.lib(rt_time.o)
    0x1ffff044   0x00000008   Data   RW         1222    .data               RTX_CM0.lib(rt_robin.o)


    Execution Region ER_ZI (Base: 0x1ffff04c, Size: 0x00000d94, Max: 0xffffffff, ABSOLUTE)

    Base Addr    Size         Type   Attr      Idx    E Section Name        Object

    0x1ffff04c   0x00000004   PAD
    0x1ffff050   0x00000bc8   Zero   RW           50    .bss                rtx_conf_cm.o
    0x1ffffc18   0x00000034   Zero   RW          785    .bss                RTX_CM0.lib(rt_task.o)
    0x1ffffc4c   0x00000030   Zero   RW         1031    .bss                RTX_CM0.lib(rt_list.o)
    0x1ffffc7c   0x00000060   Zero   RW         1335    .bss                c_p.l(libspace.o)
    0x1ffffcdc   0x00000004   PAD
    0x1ffffce0   0x00000000   Zero   RW          105    HEAP                startup_mkl26z4.o
    0x1ffffce0   0x00000100   Zero   RW          104    STACK               startup_mkl26z4.o


==============================================================================

Image component sizes


      Code (inc. data)   RO Data    RW Data    ZI Data      Debug   Object Name

       180         22          0          0          0       5039   main.o
       128         28         86         36       3016       8987   rtx_conf_cm.o
        68         38        192          0        256        840   startup_mkl26z4.o
       584         66          0          4          0       1575   system_mkl26z4.o

    ----------------------------------------------------------------------
       960        154        312         40       3272      16441   Object Totals
         0          0         32          0          0          0   (incl. Generated)
         0          0          2          0          0          0   (incl. Padding)

    ----------------------------------------------------------------------

      Code (inc. data)   RO Data    RW Data    ZI Data      Debug   Library Member Name

       134         14          0          0          0       1439   hal_cm.o
       356         40          0          0          0        832   hal_cm0.o
      1170        140          0          8          0      28453   rt_cmsis.o
        80          6          0          0          0        533   rt_event.o
       524         34          0          0         48       7093   rt_list.o
       510         16          0          0          0       3269   rt_mailbox.o
       140          0          0          0          0       1689   rt_membox.o
       142          0          0          0          0       2067   rt_memory.o
       328         16          0          0          0       1367   rt_mutex.o
        92         22          0          8          0       1078   rt_robin.o
        52          4          0          0          0        489   rt_semaphore.o
       290         54          0          8          0       5755   rt_system.o
      1080        176          0          8         52       8365   rt_task.o
         0          0          0          4          0        210   rt_time.o
         4          4          0          0          0        200   svc_table.o
         8          0          0          0          0         68   __main.o
         0          0          0          0          0          0   __rtentry.o
        20          0          0          0          0          0   __rtentry2.o
         6          0          0          0          0          0   __rtentry4.o
        60          8          0          0          0          0   __scatter.o
        26          0          0          0          0          0   __scatter_copy.o
        28          0          0          0          0          0   __scatter_zi.o
       346          0          0          0          0         92   aeabi_sdiv.o
        12          0          0          0          0         64   exit.o
         6          0          0          0          0        136   heapauxi.o
         0          0          0          0          0          0   indicate_semi.o
         2          0          0          0          0          0   libinit.o
         2          0          0          0          0          0   libinit2.o
         2          0          0          0          0          0   libshutdown.o
         2          0          0          0          0          0   libshutdown2.o
         8          4          0          0         96         68   libspace.o
         2          0          0          0          0          0   rtexit.o
        10          0          0          0          0          0   rtexit2.o
        12          4          0          0          0         60   sys_exit.o
        62          0          0          0          0         80   sys_stackheap_outer.o
         2          0          0          0          0         68   use_no_semi.o

    ----------------------------------------------------------------------
      5532        542          0         36        204      63475   Library Totals
        14          0          0          0          8          0   (incl. Padding)

    ----------------------------------------------------------------------

      Code (inc. data)   RO Data    RW Data    ZI Data      Debug   Library Name

      4902        526          0         36        100      62839   RTX_CM0.lib
       616         16          0          0         96        636   c_p.l

    ----------------------------------------------------------------------
      5532        542          0         36        204      63475   Library Totals

    ----------------------------------------------------------------------

==============================================================================


      Code (inc. data)   RO Data    RW Data    ZI Data      Debug   

      6492        696        312         76       3476      76632   Grand Totals
      6492        696        312         76       3476      76632   ELF Image Totals
      6492        696        312         76          0          0   ROM Totals

==============================================================================

    Total RO  Size (Code + RO Data)                 6804 (   6.64kB)
    Total RW  Size (RW Data + ZI Data)              3552 (   3.47kB)
    Total ROM Size (Code + RO Data + RW Data)       6880 (   6.72kB)

==============================================================================

